Component: ARM Compiler 5.06 update 6 (build 750) Tool: armlink [4d35ed]

==============================================================================

Section Cross References

    startup_stm32h750xx.o(RESET) refers to startup_stm32h750xx.o(STACK) for __initial_sp
    startup_stm32h750xx.o(RESET) refers to startup_stm32h750xx.o(.text) for Reset_Handler
    startup_stm32h750xx.o(RESET) refers to stm32h7xx_it.o(i.NMI_Handler) for NMI_Handler
    startup_stm32h750xx.o(RESET) refers to stm32h7xx_it.o(i.HardFault_Handler) for HardFault_Handler
    startup_stm32h750xx.o(RESET) refers to stm32h7xx_it.o(i.MemManage_Handler) for MemManage_Handler
    startup_stm32h750xx.o(RESET) refers to stm32h7xx_it.o(i.BusFault_Handler) for BusFault_Handler
    startup_stm32h750xx.o(RESET) refers to stm32h7xx_it.o(i.UsageFault_Handler) for UsageFault_Handler
    startup_stm32h750xx.o(RESET) refers to stm32h7xx_it.o(i.DebugMon_Handler) for DebugMon_Handler
    startup_stm32h750xx.o(RESET) refers to stm32h7xx_it.o(i.SysTick_Handler) for SysTick_Handler
    startup_stm32h750xx.o(RESET) refers to stm32h7xx_it.o(i.EXTI0_IRQHandler) for EXTI0_IRQHandler
    startup_stm32h750xx.o(RESET) refers to stm32h7xx_it.o(i.TIM6_DAC_IRQHandler) for TIM6_DAC_IRQHandler
    startup_stm32h750xx.o(RESET) refers to stm32h7xx_it.o(i.TIM7_IRQHandler) for TIM7_IRQHandler
    startup_stm32h750xx.o(.text) refers to system_stm32h7xx.o(i.SystemInit) for SystemInit
    startup_stm32h750xx.o(.text) refers to entry.o(.ARM.Collect$$$$00000000) for __main
    main.o(i.HAL_TIM_PeriodElapsedCallback) refers to gpio.o(i.BSP_LED_Toggle) for BSP_LED_Toggle
    main.o(i.HAL_TIM_PeriodElapsedCallback) refers to stm32h7xx_hal.o(i.HAL_IncTick) for HAL_IncTick
    main.o(i.SystemClock_Config) refers to memseta.o(.text) for __aeabi_memclr4
    main.o(i.SystemClock_Config) refers to stm32h7xx_hal_pwr_ex.o(i.HAL_PWREx_ConfigSupply) for HAL_PWREx_ConfigSupply
    main.o(i.SystemClock_Config) refers to stm32h7xx_hal_rcc.o(i.HAL_RCC_OscConfig) for HAL_RCC_OscConfig
    main.o(i.SystemClock_Config) refers to stm32h7xx_hal_rcc.o(i.HAL_RCC_ClockConfig) for HAL_RCC_ClockConfig
    main.o(i.SystemClock_Config) refers to stm32h7xx_hal_rcc_ex.o(i.HAL_RCCEx_PeriphCLKConfig) for HAL_RCCEx_PeriphCLKConfig
    main.o(i.SystemClock_Config) refers to stm32h7xx_hal_pwr_ex.o(i.HAL_PWREx_EnableUSBVoltageDetector) for HAL_PWREx_EnableUSBVoltageDetector
    main.o(i.main) refers to stm32h7xx_hal.o(i.HAL_Init) for HAL_Init
    main.o(i.main) refers to main.o(i.SystemClock_Config) for SystemClock_Config
    main.o(i.main) refers to gpio.o(i.MX_GPIO_Init) for MX_GPIO_Init
    main.o(i.main) refers to usb_otg.o(i.MX_USB_OTG_FS_PCD_Init) for MX_USB_OTG_FS_PCD_Init
    main.o(i.main) refers to usart.o(i.MX_USART1_UART_Init) for MX_USART1_UART_Init
    main.o(i.main) refers to quadspi.o(i.MX_QUADSPI_Init) for MX_QUADSPI_Init
    main.o(i.main) refers to i2c.o(i.MX_I2C1_Init) for MX_I2C1_Init
    main.o(i.main) refers to fmc.o(i.MX_FMC_Init) for MX_FMC_Init
    main.o(i.main) refers to sdmmc.o(i.MX_SDMMC2_SD_Init) for MX_SDMMC2_SD_Init
    main.o(i.main) refers to fdcan.o(i.MX_FDCAN2_Init) for MX_FDCAN2_Init
    main.o(i.main) refers to tim.o(i.MX_TIM17_Init) for MX_TIM17_Init
    main.o(i.main) refers to tim.o(i.MX_TIM7_Init) for MX_TIM7_Init
    main.o(i.main) refers to tim.o(i.MX_TIM1_Init) for MX_TIM1_Init
    main.o(i.main) refers to stm32h7xx_hal_tim.o(i.HAL_TIM_Base_Start_IT) for HAL_TIM_Base_Start_IT
    main.o(i.main) refers to stm32h7xx_hal.o(i.HAL_Delay) for HAL_Delay
    main.o(i.main) refers to tim.o(.bss) for htim7
    main.o(i.main) refers to main.o(.data) for .data
    gpio.o(i.BSP_KEY_GetState) refers to stm32h7xx_hal_gpio.o(i.HAL_GPIO_ReadPin) for HAL_GPIO_ReadPin
    gpio.o(i.BSP_LED_Off) refers to stm32h7xx_hal_gpio.o(i.HAL_GPIO_WritePin) for HAL_GPIO_WritePin
    gpio.o(i.BSP_LED_Off) refers to gpio.o(.constdata) for .constdata
    gpio.o(i.BSP_LED_Off) refers to gpio.o(.data) for .data
    gpio.o(i.BSP_LED_On) refers to stm32h7xx_hal_gpio.o(i.HAL_GPIO_WritePin) for HAL_GPIO_WritePin
    gpio.o(i.BSP_LED_On) refers to gpio.o(.constdata) for .constdata
    gpio.o(i.BSP_LED_On) refers to gpio.o(.data) for .data
    gpio.o(i.BSP_LED_Toggle) refers to stm32h7xx_hal_gpio.o(i.HAL_GPIO_TogglePin) for HAL_GPIO_TogglePin
    gpio.o(i.BSP_LED_Toggle) refers to gpio.o(.constdata) for .constdata
    gpio.o(i.BSP_LED_Toggle) refers to gpio.o(.data) for .data
    gpio.o(i.MX_GPIO_Init) refers to memseta.o(.text) for __aeabi_memclr4
    gpio.o(i.MX_GPIO_Init) refers to stm32h7xx_hal_gpio.o(i.HAL_GPIO_WritePin) for HAL_GPIO_WritePin
    gpio.o(i.MX_GPIO_Init) refers to stm32h7xx_hal_gpio.o(i.HAL_GPIO_Init) for HAL_GPIO_Init
    gpio.o(i.MX_GPIO_Init) refers to stm32h7xx_hal_cortex.o(i.HAL_NVIC_SetPriority) for HAL_NVIC_SetPriority
    gpio.o(i.MX_GPIO_Init) refers to stm32h7xx_hal_cortex.o(i.HAL_NVIC_EnableIRQ) for HAL_NVIC_EnableIRQ
[...]
    stm32h7xx_hal_uart.o(i.HAL_MultiProcessor_DisableMuteMode) refers to stm32h7xx_hal_uart.o(i.UART_CheckIdleState) for UART_CheckIdleState
    stm32h7xx_hal_uart.o(i.HAL_MultiProcessor_EnableMuteMode) refers to stm32h7xx_hal_uart.o(i.UART_CheckIdleState) for UART_CheckIdleState
    stm32h7xx_hal_uart.o(i.HAL_MultiProcessor_Init) refers to usart.o(i.HAL_UART_MspInit) for HAL_UART_MspInit
    stm32h7xx_hal_uart.o(i.HAL_MultiProcessor_Init) refers to stm32h7xx_hal_uart.o(i.UART_SetConfig) for UART_SetConfig
    stm32h7xx_hal_uart.o(i.HAL_MultiProcessor_Init) refers to stm32h7xx_hal_uart.o(i.UART_AdvFeatureConfig) for UART_AdvFeatureConfig
    stm32h7xx_hal_uart.o(i.HAL_MultiProcessor_Init) refers to stm32h7xx_hal_uart.o(i.UART_CheckIdleState) for UART_CheckIdleState
    stm32h7xx_hal_uart.o(i.HAL_UART_Abort) refers to stm32h7xx_hal_dma.o(i.HAL_DMA_Abort) for HAL_DMA_Abort
    stm32h7xx_hal_uart.o(i.HAL_UART_Abort) refers to stm32h7xx_hal_dma.o(i.HAL_DMA_GetError) for HAL_DMA_GetError
    stm32h7xx_hal_uart.o(i.HAL_UART_AbortReceive) refers to stm32h7xx_hal_dma.o(i.HAL_DMA_Abort) for HAL_DMA_Abort
    stm32h7xx_hal_uart.o(i.HAL_UART_AbortReceive) refers to stm32h7xx_hal_dma.o(i.HAL_DMA_GetError) for HAL_DMA_GetError
    stm32h7xx_hal_uart.o(i.HAL_UART_AbortReceive_IT) refers to stm32h7xx_hal_dma.o(i.HAL_DMA_Abort_IT) for HAL_DMA_Abort_IT
    stm32h7xx_hal_uart.o(i.HAL_UART_AbortReceive_IT) refers to stm32h7xx_hal_uart.o(i.HAL_UART_AbortReceiveCpltCallback) for HAL_UART_AbortReceiveCpltCallback
    stm32h7xx_hal_uart.o(i.HAL_UART_AbortReceive_IT) refers to stm32h7xx_hal_uart.o(i.UART_DMARxOnlyAbortCallback) for UART_DMARxOnlyAbortCallback
    stm32h7xx_hal_uart.o(i.HAL_UART_AbortTransmit) refers to stm32h7xx_hal_dma.o(i.HAL_DMA_Abort) for HAL_DMA_Abort
    stm32h7xx_hal_uart.o(i.HAL_UART_AbortTransmit) refers to stm32h7xx_hal_dma.o(i.HAL_DMA_GetError) for HAL_DMA_GetError
    stm32h7xx_hal_uart.o(i.HAL_UART_AbortTransmit_IT) refers to stm32h7xx_hal_dma.o(i.HAL_DMA_Abort_IT) for HAL_DMA_Abort_IT
    stm32h7xx_hal_uart.o(i.HAL_UART_AbortTransmit_IT) refers to stm32h7xx_hal_uart.o(i.HAL_UART_AbortTransmitCpltCallback) for HAL_UART_AbortTransmitCpltCallback
    stm32h7xx_hal_uart.o(i.HAL_UART_AbortTransmit_IT) refers to stm32h7xx_hal_uart.o(i.UART_DMATxOnlyAbortCallback) for UART_DMATxOnlyAbortCallback
    stm32h7xx_hal_uart.o(i.HAL_UART_Abort_IT) refers to stm32h7xx_hal_dma.o(i.HAL_DMA_Abort_IT) for HAL_DMA_Abort_IT
    stm32h7xx_hal_uart.o(i.HAL_UART_Abort_IT) refers to stm32h7xx_hal_uart.o(i.HAL_UART_AbortCpltCallback) for HAL_UART_AbortCpltCallback
    stm32h7xx_hal_uart.o(i.HAL_UART_Abort_IT) refers to stm32h7xx_hal_uart.o(i.UART_DMATxAbortCallback) for UART_DMATxAbortCallback
    stm32h7xx_hal_uart.o(i.HAL_UART_Abort_IT) refers to stm32h7xx_hal_uart.o(i.UART_DMARxAbortCallback) for UART_DMARxAbortCallback
    stm32h7xx_hal_uart.o(i.HAL_UART_DMAStop) refers to stm32h7xx_hal_dma.o(i.HAL_DMA_Abort) for HAL_DMA_Abort
    stm32h7xx_hal_uart.o(i.HAL_UART_DMAStop) refers to stm32h7xx_hal_dma.o(i.HAL_DMA_GetError) for HAL_DMA_GetError
    stm32h7xx_hal_uart.o(i.HAL_UART_DMAStop) refers to stm32h7xx_hal_uart.o(i.UART_EndTxTransfer) for UART_EndTxTransfer
    stm32h7xx_hal_uart.o(i.HAL_UART_DMAStop) refers to stm32h7xx_hal_uart.o(i.UART_EndRxTransfer) for UART_EndRxTransfer
    stm32h7xx_hal_uart.o(i.HAL_UART_DeInit) refers to usart.o(i.HAL_UART_MspDeInit) for HAL_UART_MspDeInit
    stm32h7xx_hal_uart.o(i.HAL_UART_IRQHandler) refers to stm32h7xx_hal_uart.o(i.UART_EndRxTransfer) for UART_EndRxTransfer
    stm32h7xx_hal_uart.o(i.HAL_UART_IRQHandler) refers to stm32h7xx_hal_dma.o(i.HAL_DMA_Abort_IT) for HAL_DMA_Abort_IT
    stm32h7xx_hal_uart.o(i.HAL_UART_IRQHandler) refers to stm32h7xx_hal_uart.o(i.HAL_UART_ErrorCallback) for HAL_UART_ErrorCallback
    stm32h7xx_hal_uart.o(i.HAL_UART_IRQHandler) refers to stm32h7xx_hal_uart_ex.o(i.HAL_UARTEx_WakeupCallback) for HAL_UARTEx_WakeupCallback
    stm32h7xx_hal_uart.o(i.HAL_UART_IRQHandler) refers to stm32h7xx_hal_uart.o(i.HAL_UART_TxCpltCallback) for HAL_UART_TxCpltCallback
    stm32h7xx_hal_uart.o(i.HAL_UART_IRQHandler) refers to stm32h7xx_hal_uart_ex.o(i.HAL_UARTEx_TxFifoEmptyCallback) for HAL_UARTEx_TxFifoEmptyCallback
    stm32h7xx_hal_uart.o(i.HAL_UART_IRQHandler) refers to stm32h7xx_hal_uart_ex.o(i.HAL_UARTEx_RxFifoFullCallback) for HAL_UARTEx_RxFifoFullCallback
    stm32h7xx_hal_uart.o(i.HAL_UART_IRQHandler) refers to stm32h7xx_hal_uart.o(i.UART_DMAAbortOnError) for UART_DMAAbortOnError
    stm32h7xx_hal_uart.o(i.HAL_UART_Init) refers to usart.o(i.HAL_UART_MspInit) for HAL_UART_MspInit
    stm32h7xx_hal_uart.o(i.HAL_UART_Init) refers to stm32h7xx_hal_uart.o(i.UART_SetConfig) for UART_SetConfig
    stm32h7xx_hal_uart.o(i.HAL_UART_Init) refers to stm32h7xx_hal_uart.o(i.UART_AdvFeatureConfig) for UART_AdvFeatureConfig
    stm32h7xx_hal_uart.o(i.HAL_UART_Init) refers to stm32h7xx_hal_uart.o(i.UART_CheckIdleState) for UART_CheckIdleState
    stm32h7xx_hal_uart.o(i.HAL_UART_Receive) refers to stm32h7xx_hal.o(i.HAL_GetTick) for HAL_GetTick
    stm32h7xx_hal_uart.o(i.HAL_UART_Receive) refers to stm32h7xx_hal_uart.o(i.UART_WaitOnFlagUntilTimeout) for UART_WaitOnFlagUntilTimeout
    stm32h7xx_hal_uart.o(i.HAL_UART_Receive_DMA) refers to stm32h7xx_hal_dma.o(i.HAL_DMA_Start_IT) for HAL_DMA_Start_IT
    stm32h7xx_hal_uart.o(i.HAL_UART_Receive_DMA) refers to stm32h7xx_hal_uart.o(i.UART_DMAReceiveCplt) for UART_DMAReceiveCplt
    stm32h7xx_hal_uart.o(i.HAL_UART_Receive_DMA) refers to stm32h7xx_hal_uart.o(i.UART_DMARxHalfCplt) for UART_DMARxHalfCplt
    stm32h7xx_hal_uart.o(i.HAL_UART_Receive_DMA) refers to stm32h7xx_hal_uart.o(i.UART_DMAError) for UART_DMAError
    stm32h7xx_hal_uart.o(i.HAL_UART_Receive_IT) refers to stm32h7xx_hal_uart.o(i.UART_RxISR_8BIT_FIFOEN) for UART_RxISR_8BIT_FIFOEN
    stm32h7xx_hal_uart.o(i.HAL_UART_Receive_IT) refers to stm32h7xx_hal_uart.o(i.UART_RxISR_16BIT_FIFOEN) for UART_RxISR_16BIT_FIFOEN
    stm32h7xx_hal_uart.o(i.HAL_UART_Receive_IT) refers to stm32h7xx_hal_uart.o(i.UART_RxISR_8BIT) for UART_RxISR_8BIT
    stm32h7xx_hal_uart.o(i.HAL_UART_Receive_IT) refers to stm32h7xx_hal_uart.o(i.UART_RxISR_16BIT) for UART_RxISR_16BIT
    stm32h7xx_hal_uart.o(i.HAL_UART_Transmit) refers to stm32h7xx_hal.o(i.HAL_GetTick) for HAL_GetTick
    stm32h7xx_hal_uart.o(i.HAL_UART_Transmit) refers to stm32h7xx_hal_uart.o(i.UART_WaitOnFlagUntilTimeout) for UART_WaitOnFlagUntilTimeout
    stm32h7xx_hal_uart.o(i.HAL_UART_Transmit_DMA) refers to stm32h7xx_hal_dma.o(i.HAL_DMA_Start_IT) for HAL_DMA_Start_IT
    stm32h7xx_hal_uart.o(i.HAL_UART_Transmit_DMA) refers to stm32h7xx_hal_uart.o(i.UART_DMATransmitCplt) for UART_DMATransmitCplt
    stm32h7xx_hal_uart.o(i.HAL_UART_Transmit_DMA) refers to stm32h7xx_hal_uart.o(i.UART_DMATxHalfCplt) for UART_DMATxHalfCplt
    stm32h7xx_hal_uart.o(i.HAL_UART_Transmit_DMA) refers to stm32h7xx_hal_uart.o(i.UART_DMAError) for UART_DMAError
    stm32h7xx_hal_uart.o(i.HAL_UART_Transmit_IT) refers to stm32h7xx_hal_uart.o(i.UART_TxISR_8BIT) for UART_TxISR_8BIT
    stm32h7xx_hal_uart.o(i.HAL_UART_Transmit_IT) refers to stm32h7xx_hal_uart.o(i.UART_TxISR_8BIT_FIFOEN) for UART_TxISR_8BIT_FIFOEN
    stm32h7xx_hal_uart.o(i.HAL_UART_Transmit_IT) refers to stm32h7xx_hal_uart.o(i.UART_TxISR_16BIT_FIFOEN) for UART_TxISR_16BIT_FIFOEN
    stm32h7xx_hal_uart.o(i.HAL_UART_Transmit_IT) refers to stm32h7xx_hal_uart.o(i.UART_TxISR_16BIT) for UART_TxISR_16BIT
    stm32h7xx_hal_uart.o(i.UART_CheckIdleState) refers to stm32h7xx_hal.o(i.HAL_GetTick) for HAL_GetTick
    stm32h7xx_hal_uart.o(i.UART_CheckIdleState) refers to stm32h7xx_hal_uart.o(i.UART_WaitOnFlagUntilTimeout) for UART_WaitOnFlagUntilTimeout
    stm32h7xx_hal_uart.o(i.UART_DMAAbortOnError) refers to stm32h7xx_hal_uart.o(i.HAL_UART_ErrorCallback) for HAL_UART_ErrorCallback
    stm32h7xx_hal_uart.o(i.UART_DMAError) refers to stm32h7xx_hal_uart.o(i.UART_EndTxTransfer) for UART_EndTxTransfer
    stm32h7xx_hal_uart.o(i.UART_DMAError) refers to stm32h7xx_hal_uart.o(i.UART_EndRxTransfer) for UART_EndRxTransfer
    stm32h7xx_hal_uart.o(i.UART_DMAError) refers to stm32h7xx_hal_uart.o(i.HAL_UART_ErrorCallback) for HAL_UART_ErrorCallback
    stm32h7xx_hal_uart.o(i.UART_DMAReceiveCplt) refers to stm32h7xx_hal_uart.o(i.HAL_UART_RxCpltCallback) for HAL_UART_RxCpltCallback
    stm32h7xx_hal_uart.o(i.UART_DMARxAbortCallback) refers to stm32h7xx_hal_uart.o(i.HAL_UART_AbortCpltCallback) for HAL_UART_AbortCpltCallback
    stm32h7xx_hal_uart.o(i.UART_DMARxHalfCplt) refers to stm32h7xx_hal_uart.o(i.HAL_UART_RxHalfCpltCallback) for HAL_UART_RxHalfCpltCallback
    stm32h7xx_hal_uart.o(i.UART_DMARxOnlyAbortCallback) refers to stm32h7xx_hal_uart.o(i.HAL_UART_AbortReceiveCpltCallback) for HAL_UART_AbortReceiveCpltCallback
    stm32h7xx_hal_uart.o(i.UART_DMATransmitCplt) refers to stm32h7xx_hal_uart.o(i.HAL_UART_TxCpltCallback) for HAL_UART_TxCpltCallback
    stm32h7xx_hal_uart.o(i.UART_DMATxAbortCallback) refers to stm32h7xx_hal_uart.o(i.HAL_UART_AbortCpltCallback) for HAL_UART_AbortCpltCallback
    stm32h7xx_hal_uart.o(i.UART_DMATxHalfCplt) refers to stm32h7xx_hal_uart.o(i.HAL_UART_TxHalfCpltCallback) for HAL_UART_TxHalfCpltCallback
    stm32h7xx_hal_uart.o(i.UART_DMATxOnlyAbortCallback) refers to stm32h7xx_hal_uart.o(i.HAL_UART_AbortTransmitCpltCallback) for HAL_UART_AbortTransmitCpltCallback
    stm32h7xx_hal_uart.o(i.UART_RxISR_16BIT) refers to stm32h7xx_hal_uart.o(i.HAL_UART_RxCpltCallback) for HAL_UART_RxCpltCallback
    stm32h7xx_hal_uart.o(i.UART_RxISR_16BIT_FIFOEN) refers to stm32h7xx_hal_uart.o(i.HAL_UART_RxCpltCallback) for HAL_UART_RxCpltCallback
    stm32h7xx_hal_uart.o(i.UART_RxISR_16BIT_FIFOEN) refers to stm32h7xx_hal_uart.o(i.UART_RxISR_16BIT) for UART_RxISR_16BIT
    stm32h7xx_hal_uart.o(i.UART_RxISR_8BIT) refers to stm32h7xx_hal_uart.o(i.HAL_UART_RxCpltCallback) for HAL_UART_RxCpltCallback
    stm32h7xx_hal_uart.o(i.UART_RxISR_8BIT_FIFOEN) refers to stm32h7xx_hal_uart.o(i.HAL_UART_RxCpltCallback) for HAL_UART_RxCpltCallback
    stm32h7xx_hal_uart.o(i.UART_RxISR_8BIT_FIFOEN) refers to stm32h7xx_hal_uart.o(i.UART_RxISR_8BIT) for UART_RxISR_8BIT
    stm32h7xx_hal_uart.o(i.UART_SetConfig) refers to stm32h7xx_hal_rcc_ex.o(i.HAL_RCCEx_GetD3PCLK1Freq) for HAL_RCCEx_GetD3PCLK1Freq
    stm32h7xx_hal_uart.o(i.UART_SetConfig) refers to stm32h7xx_hal_rcc_ex.o(i.HAL_RCCEx_GetPLL2ClockFreq) for HAL_RCCEx_GetPLL2ClockFreq
    stm32h7xx_hal_uart.o(i.UART_SetConfig) refers to stm32h7xx_hal_rcc_ex.o(i.HAL_RCCEx_GetPLL3ClockFreq) for HAL_RCCEx_GetPLL3ClockFreq
    stm32h7xx_hal_uart.o(i.UART_SetConfig) refers to uldiv.o(.text) for __aeabi_uldivmod
    stm32h7xx_hal_uart.o(i.UART_SetConfig) refers to stm32h7xx_hal_rcc.o(i.HAL_RCC_GetPCLK1Freq) for HAL_RCC_GetPCLK1Freq
    stm32h7xx_hal_uart.o(i.UART_SetConfig) refers to stm32h7xx_hal_rcc.o(i.HAL_RCC_GetPCLK2Freq) for HAL_RCC_GetPCLK2Freq
    stm32h7xx_hal_uart.o(i.UART_WaitOnFlagUntilTimeout) refers to stm32h7xx_hal.o(i.HAL_GetTick) for HAL_GetTick
    stm32h7xx_hal_uart_ex.o(i.HAL_MultiProcessorEx_AddressLength_Set) refers to stm32h7xx_hal_uart.o(i.UART_CheckIdleState) for UART_CheckIdleState
    stm32h7xx_hal_uart_ex.o(i.HAL_RS485Ex_Init) refers to usart.o(i.HAL_UART_MspInit) for HAL_UART_MspInit
    stm32h7xx_hal_uart_ex.o(i.HAL_RS485Ex_Init) refers to stm32h7xx_hal_uart.o(i.UART_SetConfig) for UART_SetConfig
    stm32h7xx_hal_uart_ex.o(i.HAL_RS485Ex_Init) refers to stm32h7xx_hal_uart.o(i.UART_AdvFeatureConfig) for UART_AdvFeatureConfig
    stm32h7xx_hal_uart_ex.o(i.HAL_RS485Ex_Init) refers to stm32h7xx_hal_uart.o(i.UART_CheckIdleState) for UART_CheckIdleState
    stm32h7xx_hal_uart_ex.o(i.HAL_UARTEx_EnableFifoMode) refers to stm32h7xx_hal_uart_ex.o(i.UARTEx_SetNbDataToProcess) for UARTEx_SetNbDataToProcess
    stm32h7xx_hal_uart_ex.o(i.HAL_UARTEx_SetRxFifoThreshold) refers to stm32h7xx_hal_uart_ex.o(i.UARTEx_SetNbDataToProcess) for UARTEx_SetNbDataToProcess
    stm32h7xx_hal_uart_ex.o(i.HAL_UARTEx_SetTxFifoThreshold) refers to stm32h7xx_hal_uart_ex.o(i.UARTEx_SetNbDataToProcess) for UARTEx_SetNbDataToProcess
    stm32h7xx_hal_uart_ex.o(i.HAL_UARTEx_StopModeWakeUpSourceConfig) refers to stm32h7xx_hal.o(i.HAL_GetTick) for HAL_GetTick
    stm32h7xx_hal_uart_ex.o(i.HAL_UARTEx_StopModeWakeUpSourceConfig) refers to stm32h7xx_hal_uart.o(i.UART_WaitOnFlagUntilTimeout) for UART_WaitOnFlagUntilTimeout
    stm32h7xx_hal_pcd.o(i.HAL_PCD_ActivateRemoteWakeup) refers to stm32h7xx_ll_usb.o(i.USB_ActivateRemoteWakeup) for USB_ActivateRemoteWakeup
    stm32h7xx_hal_pcd.o(i.HAL_PCD_DeActivateRemoteWakeup) refers to stm32h7xx_ll_usb.o(i.USB_DeActivateRemoteWakeup) for USB_DeActivateRemoteWakeup
    stm32h7xx_hal_pcd.o(i.HAL_PCD_DeInit) refers to stm32h7xx_hal_pcd.o(i.HAL_PCD_Stop) for HAL_PCD_Stop
    stm32h7xx_hal_pcd.o(i.HAL_PCD_DeInit) refers to usb_otg.o(i.HAL_PCD_MspDeInit) for HAL_PCD_MspDeInit
    stm32h7xx_hal_pcd.o(i.HAL_PCD_DevConnect) refers to stm32h7xx_ll_usb.o(i.USB_DevConnect) for USB_DevConnect
    stm32h7xx_hal_pcd.o(i.HAL_PCD_DevDisconnect) refers to stm32h7xx_ll_usb.o(i.USB_DevDisconnect) for USB_DevDisconnect
    stm32h7xx_hal_pcd.o(i.HAL_PCD_EP_Close) refers to stm32h7xx_ll_usb.o(i.USB_DeactivateEndpoint) for USB_DeactivateEndpoint
    stm32h7xx_hal_pcd.o(i.HAL_PCD_EP_ClrStall) refers to stm32h7xx_ll_usb.o(i.USB_EPClearStall) for USB_EPClearStall
    stm32h7xx_hal_pcd.o(i.HAL_PCD_EP_Flush) refers to stm32h7xx_ll_usb.o(i.USB_FlushTxFifo) for USB_FlushTxFifo
    stm32h7xx_hal_pcd.o(i.HAL_PCD_EP_Flush) refers to stm32h7xx_ll_usb.o(i.USB_FlushRxFifo) for USB_FlushRxFifo
    stm32h7xx_hal_pcd.o(i.HAL_PCD_EP_Open) refers to stm32h7xx_ll_usb.o(i.USB_ActivateEndpoint) for USB_ActivateEndpoint
    stm32h7xx_hal_pcd.o(i.HAL_PCD_EP_Receive) refers to stm32h7xx_ll_usb.o(i.USB_EPStartXfer) for USB_EPStartXfer
    stm32h7xx_hal_pcd.o(i.HAL_PCD_EP_Receive) refers to stm32h7xx_ll_usb.o(i.USB_EP0StartXfer) for USB_EP0StartXfer
    stm32h7xx_hal_pcd.o(i.HAL_PCD_EP_SetStall) refers to stm32h7xx_ll_usb.o(i.USB_EPSetStall) for USB_EPSetStall
    stm32h7xx_hal_pcd.o(i.HAL_PCD_EP_SetStall) refers to stm32h7xx_ll_usb.o(i.USB_EP0_OutStart) for USB_EP0_OutStart
    stm32h7xx_hal_pcd.o(i.HAL_PCD_EP_Transmit) refers to stm32h7xx_ll_usb.o(i.USB_EPStartXfer) for USB_EPStartXfer
    stm32h7xx_hal_pcd.o(i.HAL_PCD_EP_Transmit) refers to stm32h7xx_ll_usb.o(i.USB_EP0StartXfer) for USB_EP0StartXfer
    stm32h7xx_hal_pcd.o(i.HAL_PCD_IRQHandler) refers to stm32h7xx_ll_usb.o(i.USB_GetMode) for USB_GetMode
    stm32h7xx_hal_pcd.o(i.HAL_PCD_IRQHandler) refers to stm32h7xx_ll_usb.o(i.USB_ReadInterrupts) for USB_ReadInterrupts
    stm32h7xx_hal_pcd.o(i.HAL_PCD_IRQHandler) refers to stm32h7xx_ll_usb.o(i.USB_ReadDevAllOutEpInterrupt) for USB_ReadDevAllOutEpInterrupt
    stm32h7xx_hal_pcd.o(i.HAL_PCD_IRQHandler) refers to stm32h7xx_ll_usb.o(i.USB_ReadDevOutEPInterrupt) for USB_ReadDevOutEPInterrupt
    stm32h7xx_hal_pcd.o(i.HAL_PCD_IRQHandler) refers to stm32h7xx_hal_pcd.o(i.PCD_EP_OutXfrComplete_int) for PCD_EP_OutXfrComplete_int
    stm32h7xx_hal_pcd.o(i.HAL_PCD_IRQHandler) refers to stm32h7xx_hal_pcd.o(i.HAL_PCD_SetupStageCallback) for HAL_PCD_SetupStageCallback
    stm32h7xx_hal_pcd.o(i.HAL_PCD_IRQHandler) refers to stm32h7xx_ll_usb.o(i.USB_EP0_OutStart) for USB_EP0_OutStart
    stm32h7xx_hal_pcd.o(i.HAL_PCD_IRQHandler) refers to stm32h7xx_ll_usb.o(i.USB_ReadDevAllInEpInterrupt) for USB_ReadDevAllInEpInterrupt
    stm32h7xx_hal_pcd.o(i.HAL_PCD_IRQHandler) refers to stm32h7xx_ll_usb.o(i.USB_ReadDevInEPInterrupt) for USB_ReadDevInEPInterrupt
    stm32h7xx_hal_pcd.o(i.HAL_PCD_IRQHandler) refers to stm32h7xx_hal_pcd.o(i.HAL_PCD_DataInStageCallback) for HAL_PCD_DataInStageCallback
    stm32h7xx_hal_pcd.o(i.HAL_PCD_IRQHandler) refers to stm32h7xx_hal_pcd.o(i.PCD_WriteEmptyTxFifo) for PCD_WriteEmptyTxFifo
    stm32h7xx_hal_pcd.o(i.HAL_PCD_IRQHandler) refers to stm32h7xx_hal_pcd.o(i.HAL_PCD_ResumeCallback) for HAL_PCD_ResumeCallback
    stm32h7xx_hal_pcd.o(i.HAL_PCD_IRQHandler) refers to stm32h7xx_hal_pcd.o(i.HAL_PCD_SuspendCallback) for HAL_PCD_SuspendCallback
    stm32h7xx_hal_pcd.o(i.HAL_PCD_IRQHandler) refers to stm32h7xx_ll_usb.o(i.USB_FlushTxFifo) for USB_FlushTxFifo
    stm32h7xx_hal_pcd.o(i.HAL_PCD_IRQHandler) refers to stm32h7xx_hal_pcd_ex.o(i.HAL_PCDEx_LPM_Callback) for HAL_PCDEx_LPM_Callback
    stm32h7xx_hal_pcd.o(i.HAL_PCD_IRQHandler) refers to stm32h7xx_ll_usb.o(i.USB_ActivateSetup) for USB_ActivateSetup
    stm32h7xx_hal_pcd.o(i.HAL_PCD_IRQHandler) refers to stm32h7xx_ll_usb.o(i.USB_GetDevSpeed) for USB_GetDevSpeed
    stm32h7xx_hal_pcd.o(i.HAL_PCD_IRQHandler) refers to stm32h7xx_hal_rcc.o(i.HAL_RCC_GetHCLKFreq) for HAL_RCC_GetHCLKFreq
    stm32h7xx_hal_pcd.o(i.HAL_PCD_IRQHandler) refers to stm32h7xx_ll_usb.o(i.USB_SetTurnaroundTime) for USB_SetTurnaroundTime
    stm32h7xx_hal_pcd.o(i.HAL_PCD_IRQHandler) refers to stm32h7xx_hal_pcd.o(i.HAL_PCD_ResetCallback) for HAL_PCD_ResetCallback
    stm32h7xx_hal_pcd.o(i.HAL_PCD_IRQHandler) refers to stm32h7xx_ll_usb.o(i.USB_ReadPacket) for USB_ReadPacket
    stm32h7xx_hal_pcd.o(i.HAL_PCD_IRQHandler) refers to stm32h7xx_hal_pcd.o(i.HAL_PCD_SOFCallback) for HAL_PCD_SOFCallback
    stm32h7xx_hal_pcd.o(i.HAL_PCD_IRQHandler) refers to stm32h7xx_hal_pcd.o(i.HAL_PCD_ISOINIncompleteCallback) for HAL_PCD_ISOINIncompleteCallback
    stm32h7xx_hal_pcd.o(i.HAL_PCD_IRQHandler) refers to stm32h7xx_hal_pcd.o(i.HAL_PCD_ISOOUTIncompleteCallback) for HAL_PCD_ISOOUTIncompleteCallback
    stm32h7xx_hal_pcd.o(i.HAL_PCD_IRQHandler) refers to stm32h7xx_hal_pcd.o(i.HAL_PCD_ConnectCallback) for HAL_PCD_ConnectCallback
    stm32h7xx_hal_pcd.o(i.HAL_PCD_IRQHandler) refers to stm32h7xx_hal_pcd.o(i.HAL_PCD_DisconnectCallback) for HAL_PCD_DisconnectCallback
    stm32h7xx_hal_pcd.o(i.HAL_PCD_Init) refers to usb_otg.o(i.HAL_PCD_MspInit) for HAL_PCD_MspInit
    stm32h7xx_hal_pcd.o(i.HAL_PCD_Init) refers to stm32h7xx_ll_usb.o(i.USB_DisableGlobalInt) for USB_DisableGlobalInt
    stm32h7xx_hal_pcd.o(i.HAL_PCD_Init) refers to memcpya.o(.text) for __aeabi_memcpy4
    stm32h7xx_hal_pcd.o(i.HAL_PCD_Init) refers to stm32h7xx_ll_usb.o(i.USB_CoreInit) for USB_CoreInit
    stm32h7xx_hal_pcd.o(i.HAL_PCD_Init) refers to stm32h7xx_ll_usb.o(i.USB_SetCurrentMode) for USB_SetCurrentMode
    stm32h7xx_hal_pcd.o(i.HAL_PCD_Init) refers to stm32h7xx_ll_usb.o(i.USB_DevInit) for USB_DevInit
    stm32h7xx_hal_pcd.o(i.HAL_PCD_Init) refers to stm32h7xx_hal_pcd_ex.o(i.HAL_PCDEx_ActivateLPM) for HAL_PCDEx_ActivateLPM
    stm32h7xx_hal_pcd.o(i.HAL_PCD_Init) refers to stm32h7xx_ll_usb.o(i.USB_DevDisconnect) for USB_DevDisconnect
    stm32h7xx_hal_pcd.o(i.HAL_PCD_SetAddress) refers to stm32h7xx_ll_usb.o(i.USB_SetDevAddress) for USB_SetDevAddress
    stm32h7xx_hal_pcd.o(i.HAL_PCD_Start) refers to stm32h7xx_ll_usb.o(i.USB_DevConnect) for USB_DevConnect
    stm32h7xx_hal_pcd.o(i.HAL_PCD_Start) refers to stm32h7xx_ll_usb.o(i.USB_EnableGlobalInt) for USB_EnableGlobalInt
    stm32h7xx_hal_pcd.o(i.HAL_PCD_Stop) refers to stm32h7xx_ll_usb.o(i.USB_DisableGlobalInt) for USB_DisableGlobalInt
    stm32h7xx_hal_pcd.o(i.HAL_PCD_Stop) refers to stm32h7xx_ll_usb.o(i.USB_StopDevice) for USB_StopDevice
    stm32h7xx_hal_pcd.o(i.HAL_PCD_Stop) refers to stm32h7xx_ll_usb.o(i.USB_DevDisconnect) for USB_DevDisconnect
    stm32h7xx_hal_pcd.o(i.PCD_EP_OutXfrComplete_int) refers to stm32h7xx_hal_pcd.o(i.HAL_PCD_SetupStageCallback) for HAL_PCD_SetupStageCallback
    stm32h7xx_hal_pcd.o(i.PCD_EP_OutXfrComplete_int) refers to stm32h7xx_ll_usb.o(i.USB_EP0_OutStart) for USB_EP0_OutStart
    stm32h7xx_hal_pcd.o(i.PCD_EP_OutXfrComplete_int) refers to stm32h7xx_hal_pcd.o(i.HAL_PCD_DataOutStageCallback) for HAL_PCD_DataOutStageCallback
    stm32h7xx_hal_pcd.o(i.PCD_WriteEmptyTxFifo) refers to stm32h7xx_ll_usb.o(i.USB_WritePacket) for USB_WritePacket
    stm32h7xx_hal_pcd_ex.o(i.HAL_PCDEx_BCD_VBUSDetect) refers to stm32h7xx_hal.o(i.HAL_GetTick) for HAL_GetTick
    stm32h7xx_hal_pcd_ex.o(i.HAL_PCDEx_BCD_VBUSDetect) refers to stm32h7xx_hal.o(i.HAL_Delay) for HAL_Delay
    stm32h7xx_hal_pcd_ex.o(i.HAL_PCDEx_BCD_VBUSDetect) refers to stm32h7xx_hal_pcd_ex.o(i.HAL_PCDEx_BCD_Callback) for HAL_PCDEx_BCD_Callback
    stm32h7xx_hal_pcd_ex.o(i.HAL_PCDEx_BCD_VBUSDetect) refers to stm32h7xx_hal_pcd_ex.o(i.HAL_PCDEx_DeActivateBCD) for HAL_PCDEx_DeActivateBCD
    stm32h7xx_ll_usb.o(i.USB_CoreInit) refers to stm32h7xx_ll_usb.o(i.USB_CoreReset) for USB_CoreReset
    stm32h7xx_ll_usb.o(i.USB_DevConnect) refers to stm32h7xx_hal.o(i.HAL_Delay) for HAL_Delay
    stm32h7xx_ll_usb.o(i.USB_DevDisconnect) refers to stm32h7xx_hal.o(i.HAL_Delay) for HAL_Delay
    stm32h7xx_ll_usb.o(i.USB_DevInit) refers to stm32h7xx_ll_usb.o(i.USB_FlushTxFifo) for USB_FlushTxFifo
    stm32h7xx_ll_usb.o(i.USB_DevInit) refers to stm32h7xx_ll_usb.o(i.USB_FlushRxFifo) for USB_FlushRxFifo
    stm32h7xx_ll_usb.o(i.USB_EPStartXfer) refers to stm32h7xx_ll_usb.o(i.USB_WritePacket) for USB_WritePacket
    stm32h7xx_ll_usb.o(i.USB_HC_StartXfer) refers to stm32h7xx_ll_usb.o(i.USB_DoPing) for USB_DoPing
    stm32h7xx_ll_usb.o(i.USB_HC_StartXfer) refers to stm32h7xx_ll_usb.o(i.USB_WritePacket) for USB_WritePacket
    stm32h7xx_ll_usb.o(i.USB_HC_StartXfer) refers to stm32h7xx_ll_usb.o(.data) for .data
    stm32h7xx_ll_usb.o(i.USB_HostInit) refers to stm32h7xx_ll_usb.o(i.USB_FlushTxFifo) for USB_FlushTxFifo
    stm32h7xx_ll_usb.o(i.USB_HostInit) refers to stm32h7xx_ll_usb.o(i.USB_FlushRxFifo) for USB_FlushRxFifo
    stm32h7xx_ll_usb.o(i.USB_HostInit) refers to stm32h7xx_ll_usb.o(i.USB_DriveVbus) for USB_DriveVbus
    stm32h7xx_ll_usb.o(i.USB_HostInit) refers to stm32h7xx_hal.o(i.HAL_Delay) for HAL_Delay
    stm32h7xx_ll_usb.o(i.USB_ResetPort) refers to stm32h7xx_hal.o(i.HAL_Delay) for HAL_Delay
    stm32h7xx_ll_usb.o(i.USB_SetCurrentMode) refers to stm32h7xx_hal.o(i.HAL_Delay) for HAL_Delay
    stm32h7xx_ll_usb.o(i.USB_StopDevice) refers to stm32h7xx_ll_usb.o(i.USB_FlushRxFifo) for USB_FlushRxFifo
    stm32h7xx_ll_usb.o(i.USB_StopDevice) refers to stm32h7xx_ll_usb.o(i.USB_FlushTxFifo) for USB_FlushTxFifo
    stm32h7xx_ll_usb.o(i.USB_StopHost) refers to stm32h7xx_ll_usb.o(i.USB_FlushTxFifo) for USB_FlushTxFifo
    stm32h7xx_ll_usb.o(i.USB_StopHost) refers to stm32h7xx_ll_usb.o(i.USB_FlushRxFifo) for USB_FlushRxFifo
    system_stm32h7xx.o(i.SystemCoreClockUpdate) refers to system_stm32h7xx.o(.data) for .data
    system_stm32h7xx.o(i.SystemCoreClockUpdate) refers to system_stm32h7xx.o(.constdata) for .constdata
    entry.o(.ARM.Collect$$$$00000000) refers (Special) to entry10a.o(.ARM.Collect$$$$0000000D) for __rt_final_cpp
    entry.o(.ARM.Collect$$$$00000000) refers (Special) to entry11a.o(.ARM.Collect$$$$0000000F) for __rt_final_exit
    entry.o(.ARM.Collect$$$$00000000) refers (Special) to entry7b.o(.ARM.Collect$$$$00000008) for _main_clock
    entry.o(.ARM.Collect$$$$00000000) refers (Special) to entry8b.o(.ARM.Collect$$$$0000000A) for _main_cpp_init
    entry.o(.ARM.Collect$$$$00000000) refers (Special) to entry9a.o(.ARM.Collect$$$$0000000B) for _main_init
    entry.o(.ARM.Collect$$$$00000000) refers (Special) to entry5.o(.ARM.Collect$$$$00000004) for _main_scatterload
    entry.o(.ARM.Collect$$$$00000000) refers (Special) to entry2.o(.ARM.Collect$$$$00000001) for _main_stk
    uldiv.o(.text) refers to llushr.o(.text) for __aeabi_llsr
    uldiv.o(.text) refers to llshl.o(.text) for __aeabi_llsl
    entry2.o(.ARM.Collect$$$$00000001) refers to entry2.o(.ARM.Collect$$$$00002712) for __lit__00000000
    entry2.o(.ARM.Collect$$$$00002712) refers to startup_stm32h750xx.o(STACK) for __initial_sp
    entry2.o(__vectab_stack_and_reset_area) refers to startup_stm32h750xx.o(STACK) for __initial_sp
    entry2.o(__vectab_stack_and_reset_area) refers to entry.o(.ARM.Collect$$$$00000000) for __main
    entry5.o(.ARM.Collect$$$$00000004) refers to init.o(.text) for __scatterload
    entry9a.o(.ARM.Collect$$$$0000000B) refers to main.o(i.main) for main
    entry9b.o(.ARM.Collect$$$$0000000C) refers to main.o(i.main) for main
    init.o(.text) refers to entry5.o(.ARM.Collect$$$$00000004) for __main_after_scatterload


==============================================================================

Removing Unused input sections from the image.

    Removing startup_stm32h750xx.o(HEAP), (512 bytes).
    Removing main.o(.rev16_text), (4 bytes).
    Removing main.o(.revsh_text), (4 bytes).
    Removing main.o(.rrx_text), (6 bytes).
    Removing main.o(.data), (2 bytes).
    Removing main.o(.data), (2 bytes).
    Removing gpio.o(.rev16_text), (4 bytes).
    Removing gpio.o(.revsh_text), (4 bytes).
    Removing gpio.o(.rrx_text), (6 bytes).
    Removing gpio.o(i.BSP_KEY_GetState), (64 bytes).
    Removing gpio.o(i.BSP_LED_Off), (28 bytes).
    Removing gpio.o(i.BSP_LED_On), (28 bytes).
    Removing debug.o(.rev16_text), (4 bytes).
    Removing debug.o(.revsh_text), (4 bytes).
    Removing debug.o(.rrx_text), (6 bytes).
    Removing debug.o(i.MX_DEBUG_Init), (2 bytes).
    Removing fdcan.o(.rev16_text), (4 bytes).
    Removing fdcan.o(.revsh_text), (4 bytes).
    Removing fdcan.o(.rrx_text), (6 bytes).
    Removing fdcan.o(i.HAL_FDCAN_MspDeInit), (44 bytes).
    Removing fmc.o(.rev16_text), (4 bytes).
    Removing fmc.o(.revsh_text), (4 bytes).
    Removing fmc.o(.rrx_text), (6 bytes).
    Removing fmc.o(i.HAL_NAND_MspDeInit), (80 bytes).
    Removing i2c.o(.rev16_text), (4 bytes).
    Removing i2c.o(.revsh_text), (4 bytes).
    Removing i2c.o(.rrx_text), (6 bytes).
    Removing i2c.o(i.HAL_I2C_MspDeInit), (44 bytes).
    Removing quadspi.o(.rev16_text), (4 bytes).
    Removing quadspi.o(.revsh_text), (4 bytes).
    Removing quadspi.o(.rrx_text), (6 bytes).
    Removing quadspi.o(i.HAL_QSPI_MspDeInit), (88 bytes).
    Removing sdmmc.o(.rev16_text), (4 bytes).
    Removing sdmmc.o(.revsh_text), (4 bytes).
    Removing sdmmc.o(.rrx_text), (6 bytes).
    Removing sdmmc.o(i.HAL_SD_MspDeInit), (72 bytes).
    Removing sys.o(.rev16_text), (4 bytes).
    Removing sys.o(.revsh_text), (4 bytes).
    Removing sys.o(.rrx_text), (6 bytes).
    Removing sys.o(i.MX_SYS_Init), (2 bytes).
    Removing tim.o(.rev16_text), (4 bytes).
    Removing tim.o(.revsh_text), (4 bytes).
    Removing tim.o(.rrx_text), (6 bytes).
    Removing tim.o(i.HAL_TIM_Base_MspDeInit), (56 bytes).
    Removing tim.o(i.HAL_TIM_PWM_MspDeInit), (28 bytes).
    Removing usart.o(.rev16_text), (4 bytes).
    Removing usart.o(.revsh_text), (4 bytes).
    Removing usart.o(.rrx_text), (6 bytes).
    Removing usart.o(i.HAL_UART_MspDeInit), (44 bytes).
    Removing usb_otg.o(.rev16_text), (4 bytes).
    Removing usb_otg.o(.revsh_text), (4 bytes).
    Removing usb_otg.o(.rrx_text), (6 bytes).
    Removing usb_otg.o(i.HAL_PCD_MspDeInit), (44 bytes).
    Removing stm32h7xx_it.o(.rev16_text), (4 bytes).
    Removing stm32h7xx_it.o(.revsh_text), (4 bytes).
    Removing stm32h7xx_it.o(.rrx_text), (6 bytes).
    Removing stm32h7xx_hal_msp.o(.rev16_text), (4 bytes).
    Removing stm32h7xx_hal_msp.o(.revsh_text), (4 bytes).
    Removing stm32h7xx_hal_msp.o(.rrx_text), (6 bytes).
    Removing stm32h7xx_hal_cortex.o(.rev16_text), (4 bytes).
    Removing stm32h7xx_hal_cortex.o(.revsh_text), (4 bytes).
    Removing stm32h7xx_hal_cortex.o(.rrx_text), (6 bytes).
    Removing stm32h7xx_hal_cortex.o(i.HAL_GetCurrentCPUID), (4 bytes).
    Removing stm32h7xx_hal_cortex.o(i.HAL_MPU_ConfigRegion), (92 bytes).
    Removing stm32h7xx_hal_cortex.o(i.HAL_MPU_Disable), (28 bytes).
    Removing stm32h7xx_hal_cortex.o(i.HAL_MPU_Enable), (36 bytes).
    Removing stm32h7xx_hal_cortex.o(i.HAL_NVIC_ClearPendingIRQ), (26 bytes).
    Removing stm32h7xx_hal_cortex.o(i.HAL_NVIC_DisableIRQ), (34 bytes).
    Removing stm32h7xx_hal_cortex.o(i.HAL_NVIC_GetActive), (36 bytes).
    Removing stm32h7xx_hal_cortex.o(i.HAL_NVIC_GetPendingIRQ), (36 bytes).
    Removing stm32h7xx_hal_cortex.o(i.HAL_NVIC_GetPriority), (82 bytes).
    Removing stm32h7xx_hal_cortex.o(i.HAL_NVIC_GetPriorityGrouping), (16 bytes).
    Removing stm32h7xx_hal_cortex.o(i.HAL_NVIC_SetPendingIRQ), (26 bytes).
    Removing stm32h7xx_hal_cortex.o(i.HAL_NVIC_SystemReset), (36 bytes).
    Removing stm32h7xx_hal_cortex.o(i.HAL_SYSTICK_CLKSourceConfig), (24 bytes).
    Removing stm32h7xx_hal_cortex.o(i.HAL_SYSTICK_Callback), (2 bytes).
    Removing stm32h7xx_hal_cortex.o(i.HAL_SYSTICK_IRQHandler), (8 bytes).
    Removing stm32h7xx_hal_rcc.o(.rev16_text), (4 bytes).
    Removing stm32h7xx_hal_rcc.o(.revsh_text), (4 bytes).
    Removing stm32h7xx_hal_rcc.o(.rrx_text), (6 bytes).
    Removing stm32h7xx_hal_rcc.o(i.HAL_RCC_CSSCallback), (2 bytes).
    Removing stm32h7xx_hal_rcc.o(i.HAL_RCC_DeInit), (376 bytes).
    Removing stm32h7xx_hal_rcc.o(i.HAL_RCC_DisableCSS), (16 bytes).
    Removing stm32h7xx_hal_rcc.o(i.HAL_RCC_EnableCSS), (16 bytes).
    Removing stm32h7xx_hal_rcc.o(i.HAL_RCC_GetClockConfig), (92 bytes).
    Removing stm32h7xx_hal_rcc.o(i.HAL_RCC_GetOscConfig), (308 bytes).
    Removing stm32h7xx_hal_rcc.o(i.HAL_RCC_MCOConfig), (148 bytes).
    Removing stm32h7xx_hal_rcc.o(i.HAL_RCC_NMI_IRQHandler), (32 bytes).
    Removing stm32h7xx_hal_rcc_ex.o(.rev16_text), (4 bytes).
    Removing stm32h7xx_hal_rcc_ex.o(.revsh_text), (4 bytes).
    Removing stm32h7xx_hal_rcc_ex.o(.rrx_text), (6 bytes).
    Removing stm32h7xx_hal_rcc_ex.o(i.HAL_RCCEx_CRSConfig), (108 bytes).
    Removing stm32h7xx_hal_rcc_ex.o(i.HAL_RCCEx_CRSGetSynchronizationInfo), (40 bytes).
    Removing stm32h7xx_hal_rcc_ex.o(i.HAL_RCCEx_CRSSoftwareSynchronizationGenerate), (16 bytes).
    Removing stm32h7xx_hal_rcc_ex.o(i.HAL_RCCEx_CRSWaitSynchronization), (136 bytes).
    Removing stm32h7xx_hal_rcc_ex.o(i.HAL_RCCEx_CRS_ErrorCallback), (2 bytes).
    Removing stm32h7xx_hal_rcc_ex.o(i.HAL_RCCEx_CRS_ExpectedSyncCallback), (2 bytes).
    Removing stm32h7xx_hal_rcc_ex.o(i.HAL_RCCEx_CRS_IRQHandler), (116 bytes).
    Removing stm32h7xx_hal_rcc_ex.o(i.HAL_RCCEx_CRS_SyncOkCallback), (2 bytes).
    Removing stm32h7xx_hal_rcc_ex.o(i.HAL_RCCEx_CRS_SyncWarnCallback), (2 bytes).
    Removing stm32h7xx_hal_rcc_ex.o(i.HAL_RCCEx_DisableLSECSS), (28 bytes).
    Removing stm32h7xx_hal_rcc_ex.o(i.HAL_RCCEx_EnableLSECSS), (16 bytes).
    Removing stm32h7xx_hal_rcc_ex.o(i.HAL_RCCEx_GetD1PCLK1Freq), (36 bytes).
    Removing stm32h7xx_hal_rcc_ex.o(i.HAL_RCCEx_GetPeriphCLKConfig), (440 bytes).
    Removing stm32h7xx_hal_rcc_ex.o(i.HAL_RCCEx_KerWakeUpStopCLKConfig), (20 bytes).
    Removing stm32h7xx_hal_rcc_ex.o(i.HAL_RCCEx_WWDGxSysResetConfig), (16 bytes).
    Removing stm32h7xx_hal_rcc_ex.o(i.HAL_RCCEx_WakeUpStopCLKConfig), (20 bytes).
    Removing stm32h7xx_hal_flash.o(.rev16_text), (4 bytes).
    Removing stm32h7xx_hal_flash.o(.revsh_text), (4 bytes).
    Removing stm32h7xx_hal_flash.o(.rrx_text), (6 bytes).
    Removing stm32h7xx_hal_flash.o(i.FLASH_CRC_WaitForLastOperation), (156 bytes).
    Removing stm32h7xx_hal_flash.o(i.FLASH_OB_WaitForLastOperation), (80 bytes).
    Removing stm32h7xx_hal_flash.o(i.FLASH_WaitForLastOperation), (208 bytes).
    Removing stm32h7xx_hal_flash.o(i.HAL_FLASH_EndOfOperationCallback), (2 bytes).
    Removing stm32h7xx_hal_flash.o(i.HAL_FLASH_GetError), (12 bytes).
    Removing stm32h7xx_hal_flash.o(i.HAL_FLASH_IRQHandler), (400 bytes).
    Removing stm32h7xx_hal_flash.o(i.HAL_FLASH_Lock), (48 bytes).
    Removing stm32h7xx_hal_flash.o(i.HAL_FLASH_OB_Launch), (56 bytes).
    Removing stm32h7xx_hal_flash.o(i.HAL_FLASH_OB_Lock), (28 bytes).
    Removing stm32h7xx_hal_flash.o(i.HAL_FLASH_OB_Unlock), (44 bytes).
    Removing stm32h7xx_hal_flash.o(i.HAL_FLASH_OperationErrorCallback), (2 bytes).
    Removing stm32h7xx_hal_flash.o(i.HAL_FLASH_Program), (180 bytes).
    Removing stm32h7xx_hal_flash.o(i.HAL_FLASH_Program_IT), (172 bytes).
    Removing stm32h7xx_hal_flash.o(i.HAL_FLASH_Unlock), (68 bytes).
    Removing stm32h7xx_hal_flash.o(.bss), (28 bytes).
    Removing stm32h7xx_hal_flash_ex.o(.rev16_text), (4 bytes).
    Removing stm32h7xx_hal_flash_ex.o(.revsh_text), (4 bytes).
    Removing stm32h7xx_hal_flash_ex.o(.rrx_text), (6 bytes).
    Removing stm32h7xx_hal_flash_ex.o(i.FLASH_CRC_AddSector), (56 bytes).
    Removing stm32h7xx_hal_flash_ex.o(i.FLASH_CRC_SelectAddress), (28 bytes).
    Removing stm32h7xx_hal_flash_ex.o(i.FLASH_Erase_Sector), (84 bytes).
    Removing stm32h7xx_hal_flash_ex.o(i.FLASH_MassErase), (128 bytes).
    Removing stm32h7xx_hal_flash_ex.o(i.FLASH_OB_UserConfig), (148 bytes).
    Removing stm32h7xx_hal_flash_ex.o(i.HAL_FLASHEx_ComputeCRC), (340 bytes).
    Removing stm32h7xx_hal_flash_ex.o(i.HAL_FLASHEx_Erase), (276 bytes).
    Removing stm32h7xx_hal_flash_ex.o(i.HAL_FLASHEx_Erase_IT), (200 bytes).
    Removing stm32h7xx_hal_flash_ex.o(i.HAL_FLASHEx_Lock_Bank1), (20 bytes).
    Removing stm32h7xx_hal_flash_ex.o(i.HAL_FLASHEx_Lock_Bank2), (24 bytes).
    Removing stm32h7xx_hal_flash_ex.o(i.HAL_FLASHEx_OBGetConfig), (232 bytes).
    Removing stm32h7xx_hal_flash_ex.o(i.HAL_FLASHEx_OBProgram), (392 bytes).
    Removing stm32h7xx_hal_flash_ex.o(i.HAL_FLASHEx_Unlock_Bank1), (44 bytes).
    Removing stm32h7xx_hal_flash_ex.o(i.HAL_FLASHEx_Unlock_Bank2), (52 bytes).
    Removing stm32h7xx_hal_gpio.o(.rev16_text), (4 bytes).
    Removing stm32h7xx_hal_gpio.o(.revsh_text), (4 bytes).
    Removing stm32h7xx_hal_gpio.o(.rrx_text), (6 bytes).
    Removing stm32h7xx_hal_gpio.o(i.HAL_GPIO_DeInit), (352 bytes).
    Removing stm32h7xx_hal_gpio.o(i.HAL_GPIO_LockPin), (34 bytes).
    Removing stm32h7xx_hal_gpio.o(i.HAL_GPIO_ReadPin), (10 bytes).
    Removing stm32h7xx_hal_hsem.o(.rev16_text), (4 bytes).
    Removing stm32h7xx_hal_hsem.o(.revsh_text), (4 bytes).
    Removing stm32h7xx_hal_hsem.o(.rrx_text), (6 bytes).
    Removing stm32h7xx_hal_hsem.o(i.HAL_HSEM_ActivateNotification), (16 bytes).
    Removing stm32h7xx_hal_hsem.o(i.HAL_HSEM_DeactivateNotification), (16 bytes).
    Removing stm32h7xx_hal_hsem.o(i.HAL_HSEM_FastTake), (32 bytes).
    Removing stm32h7xx_hal_hsem.o(i.HAL_HSEM_FreeCallback), (2 bytes).
    Removing stm32h7xx_hal_hsem.o(i.HAL_HSEM_GetClearKey), (12 bytes).
    Removing stm32h7xx_hal_hsem.o(i.HAL_HSEM_IRQHandler), (32 bytes).
    Removing stm32h7xx_hal_hsem.o(i.HAL_HSEM_IsSemTaken), (20 bytes).
    Removing stm32h7xx_hal_hsem.o(i.HAL_HSEM_Release), (20 bytes).
    Removing stm32h7xx_hal_hsem.o(i.HAL_HSEM_ReleaseAll), (16 bytes).
    Removing stm32h7xx_hal_hsem.o(i.HAL_HSEM_SetClearKey), (16 bytes).
    Removing stm32h7xx_hal_hsem.o(i.HAL_HSEM_Take), (40 bytes).
    Removing stm32h7xx_hal_dma.o(.rev16_text), (4 bytes).
    Removing stm32h7xx_hal_dma.o(.revsh_text), (4 bytes).
    Removing stm32h7xx_hal_dma.o(.rrx_text), (6 bytes).
    Removing stm32h7xx_hal_dma.o(i.DMA_CalcBaseAndBitshift), (180 bytes).
    Removing stm32h7xx_hal_dma.o(i.DMA_CalcDMAMUXChannelBaseAndMask), (156 bytes).
    Removing stm32h7xx_hal_dma.o(i.DMA_CalcDMAMUXRequestGenBaseAndMask), (116 bytes).
    Removing stm32h7xx_hal_dma.o(i.DMA_CheckFifoParam), (84 bytes).
    Removing stm32h7xx_hal_dma.o(i.DMA_SetConfig), (292 bytes).
    Removing stm32h7xx_hal_dma.o(i.HAL_DMA_Abort), (544 bytes).
    Removing stm32h7xx_hal_dma.o(i.HAL_DMA_Abort_IT), (460 bytes).
    Removing stm32h7xx_hal_dma.o(i.HAL_DMA_DeInit), (488 bytes).
    Removing stm32h7xx_hal_dma.o(i.HAL_DMA_GetError), (4 bytes).
    Removing stm32h7xx_hal_dma.o(i.HAL_DMA_GetState), (6 bytes).
    Removing stm32h7xx_hal_dma.o(i.HAL_DMA_IRQHandler), (1776 bytes).
    Removing stm32h7xx_hal_dma.o(i.HAL_DMA_Init), (724 bytes).
    Removing stm32h7xx_hal_dma.o(i.HAL_DMA_PollForTransfer), (924 bytes).
    Removing stm32h7xx_hal_dma.o(i.HAL_DMA_RegisterCallback), (88 bytes).
    Removing stm32h7xx_hal_dma.o(i.HAL_DMA_Start), (368 bytes).
    Removing stm32h7xx_hal_dma.o(i.HAL_DMA_Start_IT), (504 bytes).
    Removing stm32h7xx_hal_dma.o(i.HAL_DMA_UnRegisterCallback), (104 bytes).
    Removing stm32h7xx_hal_dma.o(.constdata), (8 bytes).
    Removing stm32h7xx_hal_dma_ex.o(.rev16_text), (4 bytes).
    Removing stm32h7xx_hal_dma_ex.o(.revsh_text), (4 bytes).
    Removing stm32h7xx_hal_dma_ex.o(.rrx_text), (6 bytes).
    Removing stm32h7xx_hal_dma_ex.o(i.DMA_MultiBufferSetConfig), (160 bytes).
    Removing stm32h7xx_hal_dma_ex.o(i.HAL_DMAEx_ChangeMemory), (144 bytes).
    Removing stm32h7xx_hal_dma_ex.o(i.HAL_DMAEx_ConfigMuxRequestGenerator), (176 bytes).
    Removing stm32h7xx_hal_dma_ex.o(i.HAL_DMAEx_ConfigMuxSync), (216 bytes).
    Removing stm32h7xx_hal_dma_ex.o(i.HAL_DMAEx_DisableMuxRequestGenerator), (26 bytes).
    Removing stm32h7xx_hal_dma_ex.o(i.HAL_DMAEx_EnableMuxRequestGenerator), (26 bytes).
    Removing stm32h7xx_hal_dma_ex.o(i.HAL_DMAEx_MUX_IRQHandler), (100 bytes).
    Removing stm32h7xx_hal_dma_ex.o(i.HAL_DMAEx_MultiBufferStart), (476 bytes).
    Removing stm32h7xx_hal_dma_ex.o(i.HAL_DMAEx_MultiBufferStart_IT), (664 bytes).
    Removing stm32h7xx_hal_mdma.o(.rev16_text), (4 bytes).
    Removing stm32h7xx_hal_mdma.o(.revsh_text), (4 bytes).
    Removing stm32h7xx_hal_mdma.o(.rrx_text), (6 bytes).
    Removing stm32h7xx_hal_mdma.o(i.HAL_MDMA_Abort), (116 bytes).
    Removing stm32h7xx_hal_mdma.o(i.HAL_MDMA_Abort_IT), (38 bytes).
    Removing stm32h7xx_hal_mdma.o(i.HAL_MDMA_ConfigPostRequestMask), (88 bytes).
    Removing stm32h7xx_hal_mdma.o(i.HAL_MDMA_DeInit), (102 bytes).
    Removing stm32h7xx_hal_mdma.o(i.HAL_MDMA_GenerateSWRequest), (52 bytes).
    Removing stm32h7xx_hal_mdma.o(i.HAL_MDMA_GetError), (4 bytes).
    Removing stm32h7xx_hal_mdma.o(i.HAL_MDMA_GetState), (6 bytes).
    Removing stm32h7xx_hal_mdma.o(i.HAL_MDMA_IRQHandler), (376 bytes).
    Removing stm32h7xx_hal_mdma.o(i.HAL_MDMA_Init), (94 bytes).
    Removing stm32h7xx_hal_mdma.o(i.HAL_MDMA_LinkedList_AddNode), (208 bytes).
    Removing stm32h7xx_hal_mdma.o(i.HAL_MDMA_LinkedList_CreateNode), (268 bytes).
    Removing stm32h7xx_hal_mdma.o(i.HAL_MDMA_LinkedList_DisableCircularMode), (78 bytes).
    Removing stm32h7xx_hal_mdma.o(i.HAL_MDMA_LinkedList_EnableCircularMode), (78 bytes).
    Removing stm32h7xx_hal_mdma.o(i.HAL_MDMA_LinkedList_RemoveNode), (188 bytes).
    Removing stm32h7xx_hal_mdma.o(i.HAL_MDMA_PollForTransfer), (246 bytes).
    Removing stm32h7xx_hal_mdma.o(i.HAL_MDMA_RegisterCallback), (88 bytes).
    Removing stm32h7xx_hal_mdma.o(i.HAL_MDMA_Start), (102 bytes).
    Removing stm32h7xx_hal_mdma.o(i.HAL_MDMA_Start_IT), (154 bytes).
    Removing stm32h7xx_hal_mdma.o(i.HAL_MDMA_UnRegisterCallback), (104 bytes).
    Removing stm32h7xx_hal_mdma.o(i.MDMA_Init), (176 bytes).
    Removing stm32h7xx_hal_mdma.o(i.MDMA_SetConfig), (128 bytes).
    Removing stm32h7xx_hal_pwr.o(.rev16_text), (4 bytes).
    Removing stm32h7xx_hal_pwr.o(.revsh_text), (4 bytes).
    Removing stm32h7xx_hal_pwr.o(.rrx_text), (6 bytes).
    Removing stm32h7xx_hal_pwr.o(i.HAL_PWR_ConfigPVD), (132 bytes).
    Removing stm32h7xx_hal_pwr.o(i.HAL_PWR_DeInit), (2 bytes).
    Removing stm32h7xx_hal_pwr.o(i.HAL_PWR_DisableBkUpAccess), (16 bytes).
    Removing stm32h7xx_hal_pwr.o(i.HAL_PWR_DisablePVD), (16 bytes).
    Removing stm32h7xx_hal_pwr.o(i.HAL_PWR_DisableSEVOnPend), (16 bytes).
    Removing stm32h7xx_hal_pwr.o(i.HAL_PWR_DisableSleepOnExit), (16 bytes).
    Removing stm32h7xx_hal_pwr.o(i.HAL_PWR_DisableWakeUpPin), (20 bytes).
    Removing stm32h7xx_hal_pwr.o(i.HAL_PWR_EnableBkUpAccess), (16 bytes).
    Removing stm32h7xx_hal_pwr.o(i.HAL_PWR_EnablePVD), (16 bytes).
    Removing stm32h7xx_hal_pwr.o(i.HAL_PWR_EnableSEVOnPend), (16 bytes).
    Removing stm32h7xx_hal_pwr.o(i.HAL_PWR_EnableSleepOnExit), (16 bytes).
    Removing stm32h7xx_hal_pwr.o(i.HAL_PWR_EnableWakeUpPin), (24 bytes).
    Removing stm32h7xx_hal_pwr.o(i.HAL_PWR_EnterSLEEPMode), (28 bytes).
    Removing stm32h7xx_hal_pwr.o(i.HAL_PWR_EnterSTANDBYMode), (48 bytes).
    Removing stm32h7xx_hal_pwr.o(i.HAL_PWR_EnterSTOPMode), (88 bytes).
    Removing stm32h7xx_hal_pwr.o(i.HAL_PWR_PVDCallback), (2 bytes).
    Removing stm32h7xx_hal_pwr.o(i.HAL_PWR_PVD_IRQHandler), (34 bytes).
    Removing stm32h7xx_hal_pwr_ex.o(.rev16_text), (4 bytes).
    Removing stm32h7xx_hal_pwr_ex.o(.revsh_text), (4 bytes).
    Removing stm32h7xx_hal_pwr_ex.o(.rrx_text), (6 bytes).
    Removing stm32h7xx_hal_pwr_ex.o(i.HAL_PWREx_AVDCallback), (2 bytes).
    Removing stm32h7xx_hal_pwr_ex.o(i.HAL_PWREx_ClearPendingEvent), (4 bytes).
    Removing stm32h7xx_hal_pwr_ex.o(i.HAL_PWREx_ClearWakeupFlag), (28 bytes).
    Removing stm32h7xx_hal_pwr_ex.o(i.HAL_PWREx_ConfigAVD), (132 bytes).
    Removing stm32h7xx_hal_pwr_ex.o(i.HAL_PWREx_ConfigD3Domain), (20 bytes).
    Removing stm32h7xx_hal_pwr_ex.o(i.HAL_PWREx_ControlStopModeVoltageScaling), (20 bytes).
    Removing stm32h7xx_hal_pwr_ex.o(i.HAL_PWREx_ControlVoltageScaling), (56 bytes).
    Removing stm32h7xx_hal_pwr_ex.o(i.HAL_PWREx_DisableAVD), (16 bytes).
    Removing stm32h7xx_hal_pwr_ex.o(i.HAL_PWREx_DisableBatteryCharging), (16 bytes).
    Removing stm32h7xx_hal_pwr_ex.o(i.HAL_PWREx_DisableBkUpReg), (56 bytes).
    Removing stm32h7xx_hal_pwr_ex.o(i.HAL_PWREx_DisableFlashPowerDown), (16 bytes).
    Removing stm32h7xx_hal_pwr_ex.o(i.HAL_PWREx_DisableMonitoring), (16 bytes).
    Removing stm32h7xx_hal_pwr_ex.o(i.HAL_PWREx_DisableUSBReg), (52 bytes).
    Removing stm32h7xx_hal_pwr_ex.o(i.HAL_PWREx_DisableUSBVoltageDetector), (16 bytes).
    Removing stm32h7xx_hal_pwr_ex.o(i.HAL_PWREx_DisableWakeUpPin), (16 bytes).
    Removing stm32h7xx_hal_pwr_ex.o(i.HAL_PWREx_EnableAVD), (16 bytes).
    Removing stm32h7xx_hal_pwr_ex.o(i.HAL_PWREx_EnableBatteryCharging), (28 bytes).
    Removing stm32h7xx_hal_pwr_ex.o(i.HAL_PWREx_EnableBkUpReg), (52 bytes).
    Removing stm32h7xx_hal_pwr_ex.o(i.HAL_PWREx_EnableFlashPowerDown), (16 bytes).
    Removing stm32h7xx_hal_pwr_ex.o(i.HAL_PWREx_EnableMonitoring), (16 bytes).
    Removing stm32h7xx_hal_pwr_ex.o(i.HAL_PWREx_EnableUSBReg), (52 bytes).
    Removing stm32h7xx_hal_pwr_ex.o(i.HAL_PWREx_EnableWakeUpPin), (136 bytes).
    Removing stm32h7xx_hal_pwr_ex.o(i.HAL_PWREx_EnterSTANDBYMode), (56 bytes).
    Removing stm32h7xx_hal_pwr_ex.o(i.HAL_PWREx_EnterSTOPMode), (100 bytes).
    Removing stm32h7xx_hal_pwr_ex.o(i.HAL_PWREx_GetStopModeVoltageRange), (16 bytes).
    Removing stm32h7xx_hal_pwr_ex.o(i.HAL_PWREx_GetSupplyConfig), (16 bytes).
    Removing stm32h7xx_hal_pwr_ex.o(i.HAL_PWREx_GetTemperatureLevel), (32 bytes).
    Removing stm32h7xx_hal_pwr_ex.o(i.HAL_PWREx_GetVBATLevel), (32 bytes).
    Removing stm32h7xx_hal_pwr_ex.o(i.HAL_PWREx_GetVoltageRange), (16 bytes).
    Removing stm32h7xx_hal_pwr_ex.o(i.HAL_PWREx_GetWakeupFlag), (12 bytes).
    Removing stm32h7xx_hal_pwr_ex.o(i.HAL_PWREx_PVD_AVD_IRQHandler), (80 bytes).
    Removing stm32h7xx_hal_pwr_ex.o(i.HAL_PWREx_WAKEUP_PIN_IRQHandler), (124 bytes).
    Removing stm32h7xx_hal_pwr_ex.o(i.HAL_PWREx_WKUP1_Callback), (2 bytes).
    Removing stm32h7xx_hal_pwr_ex.o(i.HAL_PWREx_WKUP2_Callback), (2 bytes).
    Removing stm32h7xx_hal_pwr_ex.o(i.HAL_PWREx_WKUP3_Callback), (2 bytes).
    Removing stm32h7xx_hal_pwr_ex.o(i.HAL_PWREx_WKUP4_Callback), (2 bytes).
    Removing stm32h7xx_hal_pwr_ex.o(i.HAL_PWREx_WKUP5_Callback), (2 bytes).
    Removing stm32h7xx_hal_pwr_ex.o(i.HAL_PWREx_WKUP6_Callback), (2 bytes).
    Removing stm32h7xx_hal.o(.rev16_text), (4 bytes).
    Removing stm32h7xx_hal.o(.revsh_text), (4 bytes).
    Removing stm32h7xx_hal.o(.rrx_text), (6 bytes).
    Removing stm32h7xx_hal.o(i.HAL_DBGMCU_DisableDBGSleepMode), (16 bytes).
    Removing stm32h7xx_hal.o(i.HAL_DBGMCU_DisableDBGStandbyMode), (16 bytes).
    Removing stm32h7xx_hal.o(i.HAL_DBGMCU_DisableDBGStopMode), (16 bytes).
    Removing stm32h7xx_hal.o(i.HAL_DBGMCU_EnableDBGSleepMode), (16 bytes).
    Removing stm32h7xx_hal.o(i.HAL_DBGMCU_EnableDBGStandbyMode), (16 bytes).
    Removing stm32h7xx_hal.o(i.HAL_DBGMCU_EnableDBGStopMode), (16 bytes).
    Removing stm32h7xx_hal.o(i.HAL_DeInit), (76 bytes).
    Removing stm32h7xx_hal.o(i.HAL_DisableCompensationCell), (16 bytes).
    Removing stm32h7xx_hal.o(i.HAL_DisableDomain3DBGStandbyMode), (16 bytes).
    Removing stm32h7xx_hal.o(i.HAL_DisableDomain3DBGStopMode), (16 bytes).
    Removing stm32h7xx_hal.o(i.HAL_EXTI_D1_ClearFlag), (26 bytes).
    Removing stm32h7xx_hal.o(i.HAL_EXTI_D1_EventInputConfig), (66 bytes).
    Removing stm32h7xx_hal.o(i.HAL_EXTI_D3_EventInputConfig), (70 bytes).
    Removing stm32h7xx_hal.o(i.HAL_EXTI_EdgeConfig), (58 bytes).
    Removing stm32h7xx_hal.o(i.HAL_EXTI_GenerateSWInterrupt), (24 bytes).
    Removing stm32h7xx_hal.o(i.HAL_EnableCompensationCell), (16 bytes).
    Removing stm32h7xx_hal.o(i.HAL_EnableDomain3DBGStandbyMode), (16 bytes).
    Removing stm32h7xx_hal.o(i.HAL_EnableDomain3DBGStopMode), (16 bytes).
    Removing stm32h7xx_hal.o(i.HAL_GetDEVID), (16 bytes).
    Removing stm32h7xx_hal.o(i.HAL_GetFMCMemorySwappingConfig), (16 bytes).
    Removing stm32h7xx_hal.o(i.HAL_GetHalVersion), (6 bytes).
    Removing stm32h7xx_hal.o(i.HAL_GetTickFreq), (12 bytes).
    Removing stm32h7xx_hal.o(i.HAL_GetTickPrio), (12 bytes).
    Removing stm32h7xx_hal.o(i.HAL_GetUIDw0), (12 bytes).
    Removing stm32h7xx_hal.o(i.HAL_GetUIDw1), (12 bytes).
    Removing stm32h7xx_hal.o(i.HAL_GetUIDw2), (12 bytes).
    Removing stm32h7xx_hal.o(i.HAL_MspDeInit), (2 bytes).
    Removing stm32h7xx_hal.o(i.HAL_MspInit), (2 bytes).
    Removing stm32h7xx_hal.o(i.HAL_ResumeTick), (14 bytes).
    Removing stm32h7xx_hal.o(i.HAL_SYSCFG_AnalogSwitchConfig), (16 bytes).
    Removing stm32h7xx_hal.o(i.HAL_SYSCFG_CM7BootAddConfig), (36 bytes).
    Removing stm32h7xx_hal.o(i.HAL_SYSCFG_CompensationCodeConfig), (24 bytes).
    Removing stm32h7xx_hal.o(i.HAL_SYSCFG_CompensationCodeSelect), (20 bytes).
    Removing stm32h7xx_hal.o(i.HAL_SYSCFG_DisableBOOST), (16 bytes).
    Removing stm32h7xx_hal.o(i.HAL_SYSCFG_DisableIOSpeedOptimize), (16 bytes).
    Removing stm32h7xx_hal.o(i.HAL_SYSCFG_DisableVREFBUF), (16 bytes).
    Removing stm32h7xx_hal.o(i.HAL_SYSCFG_ETHInterfaceSelect), (20 bytes).
    Removing stm32h7xx_hal.o(i.HAL_SYSCFG_EnableBOOST), (16 bytes).
    Removing stm32h7xx_hal.o(i.HAL_SYSCFG_EnableIOSpeedOptimize), (16 bytes).
    Removing stm32h7xx_hal.o(i.HAL_SYSCFG_EnableVREFBUF), (48 bytes).
    Removing stm32h7xx_hal.o(i.HAL_SYSCFG_VREFBUF_HighImpedanceConfig), (20 bytes).
    Removing stm32h7xx_hal.o(i.HAL_SYSCFG_VREFBUF_TrimmingConfig), (20 bytes).
    Removing stm32h7xx_hal.o(i.HAL_SYSCFG_VREFBUF_VoltageScalingConfig), (20 bytes).
    Removing stm32h7xx_hal.o(i.HAL_SetFMCMemorySwappingConfig), (20 bytes).
    Removing stm32h7xx_hal.o(i.HAL_SetTickFreq), (32 bytes).
    Removing stm32h7xx_hal.o(i.HAL_SuspendTick), (14 bytes).
    Removing stm32h7xx_hal_i2c.o(.rev16_text), (4 bytes).
    Removing stm32h7xx_hal_i2c.o(.revsh_text), (4 bytes).
    Removing stm32h7xx_hal_i2c.o(.rrx_text), (6 bytes).
    Removing stm32h7xx_hal_i2c.o(i.HAL_I2C_AbortCpltCallback), (2 bytes).
    Removing stm32h7xx_hal_i2c.o(i.HAL_I2C_AddrCallback), (2 bytes).
    Removing stm32h7xx_hal_i2c.o(i.HAL_I2C_DeInit), (52 bytes).
    Removing stm32h7xx_hal_i2c.o(i.HAL_I2C_DisableListen_IT), (54 bytes).
    Removing stm32h7xx_hal_i2c.o(i.HAL_I2C_ER_IRQHandler), (104 bytes).
    Removing stm32h7xx_hal_i2c.o(i.HAL_I2C_EV_IRQHandler), (16 bytes).
    Removing stm32h7xx_hal_i2c.o(i.HAL_I2C_EnableListen_IT), (40 bytes).
    Removing stm32h7xx_hal_i2c.o(i.HAL_I2C_ErrorCallback), (2 bytes).
    Removing stm32h7xx_hal_i2c.o(i.HAL_I2C_GetError), (4 bytes).
    Removing stm32h7xx_hal_i2c.o(i.HAL_I2C_GetMode), (6 bytes).
    Removing stm32h7xx_hal_i2c.o(i.HAL_I2C_GetState), (6 bytes).
    Removing stm32h7xx_hal_i2c.o(i.HAL_I2C_IsDeviceReady), (304 bytes).
    Removing stm32h7xx_hal_i2c.o(i.HAL_I2C_ListenCpltCallback), (2 bytes).
    Removing stm32h7xx_hal_i2c.o(i.HAL_I2C_MasterRxCpltCallback), (2 bytes).
    Removing stm32h7xx_hal_i2c.o(i.HAL_I2C_MasterTxCpltCallback), (2 bytes).
    Removing stm32h7xx_hal_i2c.o(i.HAL_I2C_Master_Abort_IT), (96 bytes).
    Removing stm32h7xx_hal_i2c.o(i.HAL_I2C_Master_Receive), (292 bytes).
    Removing stm32h7xx_hal_i2c.o(i.HAL_I2C_Master_Receive_DMA), (300 bytes).
    Removing stm32h7xx_hal_i2c.o(i.HAL_I2C_Master_Receive_IT), (132 bytes).
    Removing stm32h7xx_hal_i2c.o(i.HAL_I2C_Master_Seq_Receive_DMA), (324 bytes).
    Removing stm32h7xx_hal_i2c.o(i.HAL_I2C_Master_Seq_Receive_IT), (160 bytes).
    Removing stm32h7xx_hal_i2c.o(i.HAL_I2C_Master_Seq_Transmit_DMA), (324 bytes).
    Removing stm32h7xx_hal_i2c.o(i.HAL_I2C_Master_Seq_Transmit_IT), (160 bytes).
    Removing stm32h7xx_hal_i2c.o(i.HAL_I2C_Master_Transmit), (292 bytes).
    Removing stm32h7xx_hal_i2c.o(i.HAL_I2C_Master_Transmit_DMA), (308 bytes).
    Removing stm32h7xx_hal_i2c.o(i.HAL_I2C_Master_Transmit_IT), (132 bytes).
    Removing stm32h7xx_hal_i2c.o(i.HAL_I2C_MemRxCpltCallback), (2 bytes).
    Removing stm32h7xx_hal_i2c.o(i.HAL_I2C_MemTxCpltCallback), (2 bytes).
    Removing stm32h7xx_hal_i2c.o(i.HAL_I2C_Mem_Read), (356 bytes).
    Removing stm32h7xx_hal_i2c.o(i.HAL_I2C_Mem_Read_DMA), (304 bytes).
    Removing stm32h7xx_hal_i2c.o(i.HAL_I2C_Mem_Read_IT), (196 bytes).
    Removing stm32h7xx_hal_i2c.o(i.HAL_I2C_Mem_Write), (344 bytes).
    Removing stm32h7xx_hal_i2c.o(i.HAL_I2C_Mem_Write_DMA), (296 bytes).
    Removing stm32h7xx_hal_i2c.o(i.HAL_I2C_Mem_Write_IT), (188 bytes).
    Removing stm32h7xx_hal_i2c.o(i.HAL_I2C_MspDeInit), (2 bytes).
    Removing stm32h7xx_hal_i2c.o(i.HAL_I2C_MspInit), (2 bytes).
    Removing stm32h7xx_hal_i2c.o(i.HAL_I2C_SlaveRxCpltCallback), (2 bytes).
    Removing stm32h7xx_hal_i2c.o(i.HAL_I2C_SlaveTxCpltCallback), (2 bytes).
    Removing stm32h7xx_hal_i2c.o(i.HAL_I2C_Slave_Receive), (296 bytes).
    Removing stm32h7xx_hal_i2c.o(i.HAL_I2C_Slave_Receive_DMA), (228 bytes).
    Removing stm32h7xx_hal_i2c.o(i.HAL_I2C_Slave_Receive_IT), (92 bytes).
    Removing stm32h7xx_hal_i2c.o(i.HAL_I2C_Slave_Seq_Receive_DMA), (356 bytes).
    Removing stm32h7xx_hal_i2c.o(i.HAL_I2C_Slave_Seq_Receive_IT), (196 bytes).
    Removing stm32h7xx_hal_i2c.o(i.HAL_I2C_Slave_Seq_Transmit_DMA), (356 bytes).
    Removing stm32h7xx_hal_i2c.o(i.HAL_I2C_Slave_Seq_Transmit_IT), (196 bytes).
    Removing stm32h7xx_hal_i2c.o(i.HAL_I2C_Slave_Transmit), (304 bytes).
    Removing stm32h7xx_hal_i2c.o(i.HAL_I2C_Slave_Transmit_DMA), (220 bytes).
    Removing stm32h7xx_hal_i2c.o(i.HAL_I2C_Slave_Transmit_IT), (92 bytes).
    Removing stm32h7xx_hal_i2c.o(i.I2C_ConvertOtherXferOptions), (26 bytes).
    Removing stm32h7xx_hal_i2c.o(i.I2C_DMAAbort), (40 bytes).
    Removing stm32h7xx_hal_i2c.o(i.I2C_DMAError), (332 bytes).
    Removing stm32h7xx_hal_i2c.o(i.I2C_DMAMasterReceiveCplt), (78 bytes).
    Removing stm32h7xx_hal_i2c.o(i.I2C_DMAMasterTransmitCplt), (78 bytes).
    Removing stm32h7xx_hal_i2c.o(i.I2C_DMASlaveReceiveCplt), (164 bytes).
    Removing stm32h7xx_hal_i2c.o(i.I2C_DMASlaveTransmitCplt), (30 bytes).
    Removing stm32h7xx_hal_i2c.o(i.I2C_Disable_IRQ), (86 bytes).
    Removing stm32h7xx_hal_i2c.o(i.I2C_Enable_IRQ), (92 bytes).
    Removing stm32h7xx_hal_i2c.o(i.I2C_Flush_TXDR), (34 bytes).
    Removing stm32h7xx_hal_i2c.o(i.I2C_ITAddrCplt), (136 bytes).
    Removing stm32h7xx_hal_i2c.o(i.I2C_ITError), (224 bytes).
    Removing stm32h7xx_hal_i2c.o(i.I2C_ITListenCplt), (100 bytes).
    Removing stm32h7xx_hal_i2c.o(i.I2C_ITMasterCplt), (188 bytes).
    Removing stm32h7xx_hal_i2c.o(i.I2C_ITMasterSeqCplt), (80 bytes).
    Removing stm32h7xx_hal_i2c.o(i.I2C_ITSlaveCplt), (388 bytes).
    Removing stm32h7xx_hal_i2c.o(i.I2C_ITSlaveSeqCplt), (84 bytes).
    Removing stm32h7xx_hal_i2c.o(i.I2C_IsAcknowledgeFailed), (136 bytes).
    Removing stm32h7xx_hal_i2c.o(i.I2C_Master_ISR_DMA), (272 bytes).
    Removing stm32h7xx_hal_i2c.o(i.I2C_Master_ISR_IT), (296 bytes).
    Removing stm32h7xx_hal_i2c.o(i.I2C_RequestMemoryRead), (100 bytes).
    Removing stm32h7xx_hal_i2c.o(i.I2C_RequestMemoryWrite), (100 bytes).
    Removing stm32h7xx_hal_i2c.o(i.I2C_Slave_ISR_DMA), (500 bytes).
    Removing stm32h7xx_hal_i2c.o(i.I2C_Slave_ISR_IT), (292 bytes).
    Removing stm32h7xx_hal_i2c.o(i.I2C_TransferConfig), (44 bytes).
    Removing stm32h7xx_hal_i2c.o(i.I2C_WaitOnFlagUntilTimeout), (90 bytes).
    Removing stm32h7xx_hal_i2c.o(i.I2C_WaitOnRXNEFlagUntilTimeout), (136 bytes).
    Removing stm32h7xx_hal_i2c.o(i.I2C_WaitOnSTOPFlagUntilTimeout), (78 bytes).
    Removing stm32h7xx_hal_i2c.o(i.I2C_WaitOnTXISFlagUntilTimeout), (82 bytes).
    Removing stm32h7xx_hal_i2c_ex.o(.rev16_text), (4 bytes).
    Removing stm32h7xx_hal_i2c_ex.o(.revsh_text), (4 bytes).
    Removing stm32h7xx_hal_i2c_ex.o(.rrx_text), (6 bytes).
    Removing stm32h7xx_hal_i2c_ex.o(i.HAL_I2CEx_DisableFastModePlus), (40 bytes).
    Removing stm32h7xx_hal_i2c_ex.o(i.HAL_I2CEx_DisableWakeUp), (80 bytes).
    Removing stm32h7xx_hal_i2c_ex.o(i.HAL_I2CEx_EnableFastModePlus), (40 bytes).
    Removing stm32h7xx_hal_i2c_ex.o(i.HAL_I2CEx_EnableWakeUp), (80 bytes).
    Removing stm32h7xx_hal_exti.o(.rev16_text), (4 bytes).
    Removing stm32h7xx_hal_exti.o(.revsh_text), (4 bytes).
    Removing stm32h7xx_hal_exti.o(.rrx_text), (6 bytes).
    Removing stm32h7xx_hal_exti.o(i.HAL_EXTI_ClearConfigLine), (200 bytes).
    Removing stm32h7xx_hal_exti.o(i.HAL_EXTI_ClearPending), (28 bytes).
    Removing stm32h7xx_hal_exti.o(i.HAL_EXTI_GenerateSWI), (28 bytes).
    Removing stm32h7xx_hal_exti.o(i.HAL_EXTI_GetConfigLine), (248 bytes).
    Removing stm32h7xx_hal_exti.o(i.HAL_EXTI_GetHandle), (12 bytes).
    Removing stm32h7xx_hal_exti.o(i.HAL_EXTI_GetPending), (32 bytes).
    Removing stm32h7xx_hal_exti.o(i.HAL_EXTI_IRQHandler), (48 bytes).
    Removing stm32h7xx_hal_exti.o(i.HAL_EXTI_RegisterCallback), (18 bytes).
    Removing stm32h7xx_hal_exti.o(i.HAL_EXTI_SetConfigLine), (268 bytes).
    Removing stm32h7xx_hal_fdcan.o(.rev16_text), (4 bytes).
    Removing stm32h7xx_hal_fdcan.o(.revsh_text), (4 bytes).
    Removing stm32h7xx_hal_fdcan.o(.rrx_text), (6 bytes).
    Removing stm32h7xx_hal_fdcan.o(i.FDCAN_CopyMessageToRAM), (112 bytes).
    Removing stm32h7xx_hal_fdcan.o(i.HAL_FDCAN_AbortTxRequest), (34 bytes).
    Removing stm32h7xx_hal_fdcan.o(i.HAL_FDCAN_ActivateNotification), (136 bytes).
    Removing stm32h7xx_hal_fdcan.o(i.HAL_FDCAN_AddMessageToTxBuffer), (96 bytes).
    Removing stm32h7xx_hal_fdcan.o(i.HAL_FDCAN_AddMessageToTxFifoQ), (102 bytes).
    Removing stm32h7xx_hal_fdcan.o(i.HAL_FDCAN_ClockCalibrationCallback), (2 bytes).
    Removing stm32h7xx_hal_fdcan.o(i.HAL_FDCAN_ConfigClockCalibration), (132 bytes).
    Removing stm32h7xx_hal_fdcan.o(i.HAL_FDCAN_ConfigExtendedIdMask), (34 bytes).
    Removing stm32h7xx_hal_fdcan.o(i.HAL_FDCAN_ConfigFifoWatermark), (90 bytes).
    Removing stm32h7xx_hal_fdcan.o(i.HAL_FDCAN_ConfigFilter), (126 bytes).
    Removing stm32h7xx_hal_fdcan.o(i.HAL_FDCAN_ConfigGlobalFilter), (50 bytes).
    Removing stm32h7xx_hal_fdcan.o(i.HAL_FDCAN_ConfigInterruptLines), (48 bytes).
    Removing stm32h7xx_hal_fdcan.o(i.HAL_FDCAN_ConfigRamWatchdog), (40 bytes).
    Removing stm32h7xx_hal_fdcan.o(i.HAL_FDCAN_ConfigRxFifoOverwrite), (64 bytes).
    Removing stm32h7xx_hal_fdcan.o(i.HAL_FDCAN_ConfigTimeoutCounter), (46 bytes).
    Removing stm32h7xx_hal_fdcan.o(i.HAL_FDCAN_ConfigTimestampCounter), (40 bytes).
    Removing stm32h7xx_hal_fdcan.o(i.HAL_FDCAN_ConfigTxDelayCompensation), (36 bytes).
    Removing stm32h7xx_hal_fdcan.o(i.HAL_FDCAN_DeInit), (42 bytes).
    Removing stm32h7xx_hal_fdcan.o(i.HAL_FDCAN_DeactivateNotification), (128 bytes).
    Removing stm32h7xx_hal_fdcan.o(i.HAL_FDCAN_DisableEdgeFiltering), (38 bytes).
    Removing stm32h7xx_hal_fdcan.o(i.HAL_FDCAN_DisableISOMode), (38 bytes).
    Removing stm32h7xx_hal_fdcan.o(i.HAL_FDCAN_DisableTimeoutCounter), (38 bytes).
    Removing stm32h7xx_hal_fdcan.o(i.HAL_FDCAN_DisableTimestampCounter), (38 bytes).
    Removing stm32h7xx_hal_fdcan.o(i.HAL_FDCAN_DisableTxDelayCompensation), (38 bytes).
    Removing stm32h7xx_hal_fdcan.o(i.HAL_FDCAN_EnableEdgeFiltering), (38 bytes).
    Removing stm32h7xx_hal_fdcan.o(i.HAL_FDCAN_EnableISOMode), (38 bytes).
    Removing stm32h7xx_hal_fdcan.o(i.HAL_FDCAN_EnableTimeoutCounter), (38 bytes).
    Removing stm32h7xx_hal_fdcan.o(i.HAL_FDCAN_EnableTimestampCounter), (40 bytes).
    Removing stm32h7xx_hal_fdcan.o(i.HAL_FDCAN_EnableTxBufferRequest), (34 bytes).
    Removing stm32h7xx_hal_fdcan.o(i.HAL_FDCAN_EnableTxDelayCompensation), (38 bytes).
    Removing stm32h7xx_hal_fdcan.o(i.HAL_FDCAN_EnterPowerDownMode), (68 bytes).
    Removing stm32h7xx_hal_fdcan.o(i.HAL_FDCAN_ErrorCallback), (2 bytes).
    Removing stm32h7xx_hal_fdcan.o(i.HAL_FDCAN_ErrorStatusCallback), (2 bytes).
    Removing stm32h7xx_hal_fdcan.o(i.HAL_FDCAN_ExitPowerDownMode), (78 bytes).
    Removing stm32h7xx_hal_fdcan.o(i.HAL_FDCAN_ExitRestrictedOperationMode), (42 bytes).
    Removing stm32h7xx_hal_fdcan.o(i.HAL_FDCAN_GetClockCalibrationCounter), (36 bytes).
    Removing stm32h7xx_hal_fdcan.o(i.HAL_FDCAN_GetClockCalibrationState), (16 bytes).
    Removing stm32h7xx_hal_fdcan.o(i.HAL_FDCAN_GetError), (6 bytes).
    Removing stm32h7xx_hal_fdcan.o(i.HAL_FDCAN_GetErrorCounters), (34 bytes).
    Removing stm32h7xx_hal_fdcan.o(i.HAL_FDCAN_GetHighPriorityMessageStatus), (52 bytes).
    Removing stm32h7xx_hal_fdcan.o(i.HAL_FDCAN_GetLatestTxFifoQRequestBuffer), (6 bytes).
    Removing stm32h7xx_hal_fdcan.o(i.HAL_FDCAN_GetProtocolStatus), (72 bytes).
    Removing stm32h7xx_hal_fdcan.o(i.HAL_FDCAN_GetRxFifoFillLevel), (24 bytes).
    Removing stm32h7xx_hal_fdcan.o(i.HAL_FDCAN_GetRxMessage), (356 bytes).
    Removing stm32h7xx_hal_fdcan.o(i.HAL_FDCAN_GetState), (6 bytes).
    Removing stm32h7xx_hal_fdcan.o(i.HAL_FDCAN_GetTimeoutCounter), (8 bytes).
    Removing stm32h7xx_hal_fdcan.o(i.HAL_FDCAN_GetTimestampCounter), (8 bytes).
    Removing stm32h7xx_hal_fdcan.o(i.HAL_FDCAN_GetTxEvent), (176 bytes).
    Removing stm32h7xx_hal_fdcan.o(i.HAL_FDCAN_GetTxFifoFreeLevel), (12 bytes).
    Removing stm32h7xx_hal_fdcan.o(i.HAL_FDCAN_HighPriorityMessageCallback), (2 bytes).
    Removing stm32h7xx_hal_fdcan.o(i.HAL_FDCAN_IRQHandler), (792 bytes).
    Removing stm32h7xx_hal_fdcan.o(i.HAL_FDCAN_IsRestrictedOperationMode), (10 bytes).
    Removing stm32h7xx_hal_fdcan.o(i.HAL_FDCAN_IsRxBufferMessageAvailable), (54 bytes).
    Removing stm32h7xx_hal_fdcan.o(i.HAL_FDCAN_IsTxBufferMessagePending), (14 bytes).
    Removing stm32h7xx_hal_fdcan.o(i.HAL_FDCAN_MspDeInit), (2 bytes).
    Removing stm32h7xx_hal_fdcan.o(i.HAL_FDCAN_MspInit), (2 bytes).
    Removing stm32h7xx_hal_fdcan.o(i.HAL_FDCAN_ResetClockCalibrationState), (64 bytes).
    Removing stm32h7xx_hal_fdcan.o(i.HAL_FDCAN_ResetTimeoutCounter), (32 bytes).
    Removing stm32h7xx_hal_fdcan.o(i.HAL_FDCAN_ResetTimestampCounter), (34 bytes).
    Removing stm32h7xx_hal_fdcan.o(i.HAL_FDCAN_RxBufferNewMessageCallback), (2 bytes).
    Removing stm32h7xx_hal_fdcan.o(i.HAL_FDCAN_RxFifo0Callback), (2 bytes).
    Removing stm32h7xx_hal_fdcan.o(i.HAL_FDCAN_RxFifo1Callback), (2 bytes).
    Removing stm32h7xx_hal_fdcan.o(i.HAL_FDCAN_Start), (50 bytes).
    Removing stm32h7xx_hal_fdcan.o(i.HAL_FDCAN_Stop), (126 bytes).
    Removing stm32h7xx_hal_fdcan.o(i.HAL_FDCAN_TT_ActivateNotification), (84 bytes).
    Removing stm32h7xx_hal_fdcan.o(i.HAL_FDCAN_TT_ConfigExternalSyncPhase), (58 bytes).
    Removing stm32h7xx_hal_fdcan.o(i.HAL_FDCAN_TT_ConfigInterruptLines), (48 bytes).
    Removing stm32h7xx_hal_fdcan.o(i.HAL_FDCAN_TT_ConfigOperation), (424 bytes).
    Removing stm32h7xx_hal_fdcan.o(i.HAL_FDCAN_TT_ConfigReferenceMessage), (72 bytes).
    Removing stm32h7xx_hal_fdcan.o(i.HAL_FDCAN_TT_ConfigRegisterTimeMark), (150 bytes).
    Removing stm32h7xx_hal_fdcan.o(i.HAL_FDCAN_TT_ConfigStopWatch), (84 bytes).
    Removing stm32h7xx_hal_fdcan.o(i.HAL_FDCAN_TT_ConfigTrigger), (130 bytes).
    Removing stm32h7xx_hal_fdcan.o(i.HAL_FDCAN_TT_DeactivateNotification), (78 bytes).
    Removing stm32h7xx_hal_fdcan.o(i.HAL_FDCAN_TT_DisableExternalSynchronization), (78 bytes).
    Removing stm32h7xx_hal_fdcan.o(i.HAL_FDCAN_TT_DisableHardwareGapControl), (96 bytes).
    Removing stm32h7xx_hal_fdcan.o(i.HAL_FDCAN_TT_DisableRegisterTimeMarkPulse), (78 bytes).
    Removing stm32h7xx_hal_fdcan.o(i.HAL_FDCAN_TT_DisableTimeMarkGapControl), (96 bytes).
    Removing stm32h7xx_hal_fdcan.o(i.HAL_FDCAN_TT_DisableTriggerTimeMarkPulse), (96 bytes).
    Removing stm32h7xx_hal_fdcan.o(i.HAL_FDCAN_TT_EnableExternalSynchronization), (78 bytes).
    Removing stm32h7xx_hal_fdcan.o(i.HAL_FDCAN_TT_EnableHardwareGapControl), (96 bytes).
    Removing stm32h7xx_hal_fdcan.o(i.HAL_FDCAN_TT_EnableRegisterTimeMarkPulse), (78 bytes).
    Removing stm32h7xx_hal_fdcan.o(i.HAL_FDCAN_TT_EnableTimeMarkGapControl), (96 bytes).
    Removing stm32h7xx_hal_fdcan.o(i.HAL_FDCAN_TT_EnableTriggerTimeMarkPulse), (96 bytes).
    Removing stm32h7xx_hal_fdcan.o(i.HAL_FDCAN_TT_GetOperationStatus), (92 bytes).
    Removing stm32h7xx_hal_fdcan.o(i.HAL_FDCAN_TT_GlobalTimeCallback), (2 bytes).
    Removing stm32h7xx_hal_fdcan.o(i.HAL_FDCAN_TT_ScheduleSyncCallback), (2 bytes).
    Removing stm32h7xx_hal_fdcan.o(i.HAL_FDCAN_TT_SetClockSynchronization), (128 bytes).
    Removing stm32h7xx_hal_fdcan.o(i.HAL_FDCAN_TT_SetEndOfGap), (102 bytes).
    Removing stm32h7xx_hal_fdcan.o(i.HAL_FDCAN_TT_SetGlobalTime), (124 bytes).
    Removing stm32h7xx_hal_fdcan.o(i.HAL_FDCAN_TT_SetNextIsGap), (102 bytes).
    Removing stm32h7xx_hal_fdcan.o(i.HAL_FDCAN_TT_StopWatchCallback), (2 bytes).
    Removing stm32h7xx_hal_fdcan.o(i.HAL_FDCAN_TT_TimeMarkCallback), (2 bytes).
    Removing stm32h7xx_hal_fdcan.o(i.HAL_FDCAN_TimeoutOccurredCallback), (2 bytes).
    Removing stm32h7xx_hal_fdcan.o(i.HAL_FDCAN_TimestampWraparoundCallback), (2 bytes).
    Removing stm32h7xx_hal_fdcan.o(i.HAL_FDCAN_TxBufferAbortCallback), (2 bytes).
    Removing stm32h7xx_hal_fdcan.o(i.HAL_FDCAN_TxBufferCompleteCallback), (2 bytes).
    Removing stm32h7xx_hal_fdcan.o(i.HAL_FDCAN_TxEventFifoCallback), (2 bytes).
    Removing stm32h7xx_hal_fdcan.o(i.HAL_FDCAN_TxFifoEmptyCallback), (2 bytes).
    Removing stm32h7xx_ll_fmc.o(.rev16_text), (4 bytes).
    Removing stm32h7xx_ll_fmc.o(.revsh_text), (4 bytes).
    Removing stm32h7xx_ll_fmc.o(.rrx_text), (6 bytes).
    Removing stm32h7xx_ll_fmc.o(i.FMC_NAND_DeInit), (30 bytes).
    Removing stm32h7xx_ll_fmc.o(i.FMC_NAND_ECC_Disable), (12 bytes).
    Removing stm32h7xx_ll_fmc.o(i.FMC_NAND_ECC_Enable), (12 bytes).
    Removing stm32h7xx_ll_fmc.o(i.FMC_NAND_GetECC), (56 bytes).
    Removing stm32h7xx_ll_fmc.o(i.FMC_NORSRAM_DeInit), (50 bytes).
    Removing stm32h7xx_ll_fmc.o(i.FMC_NORSRAM_Extended_Timing_Init), (64 bytes).
    Removing stm32h7xx_ll_fmc.o(i.FMC_NORSRAM_Init), (140 bytes).
    Removing stm32h7xx_ll_fmc.o(i.FMC_NORSRAM_Timing_Init), (104 bytes).
    Removing stm32h7xx_ll_fmc.o(i.FMC_NORSRAM_WriteOperation_Disable), (16 bytes).
    Removing stm32h7xx_ll_fmc.o(i.FMC_NORSRAM_WriteOperation_Enable), (16 bytes).
    Removing stm32h7xx_ll_fmc.o(i.FMC_SDRAM_DeInit), (32 bytes).
    Removing stm32h7xx_ll_fmc.o(i.FMC_SDRAM_GetModeStatus), (18 bytes).
    Removing stm32h7xx_ll_fmc.o(i.FMC_SDRAM_Init), (106 bytes).
    Removing stm32h7xx_ll_fmc.o(i.FMC_SDRAM_ProgramRefreshRate), (18 bytes).
    Removing stm32h7xx_ll_fmc.o(i.FMC_SDRAM_SendCommand), (36 bytes).
    Removing stm32h7xx_ll_fmc.o(i.FMC_SDRAM_SetAutoRefreshNumber), (22 bytes).
    Removing stm32h7xx_ll_fmc.o(i.FMC_SDRAM_Timing_Init), (176 bytes).
    Removing stm32h7xx_ll_fmc.o(i.FMC_SDRAM_WriteProtection_Disable), (16 bytes).
    Removing stm32h7xx_ll_fmc.o(i.FMC_SDRAM_WriteProtection_Enable), (16 bytes).
    Removing stm32h7xx_hal_nand.o(.rev16_text), (4 bytes).
    Removing stm32h7xx_hal_nand.o(.revsh_text), (4 bytes).
    Removing stm32h7xx_hal_nand.o(.rrx_text), (6 bytes).
    Removing stm32h7xx_hal_nand.o(i.HAL_NAND_Address_Inc), (60 bytes).
    Removing stm32h7xx_hal_nand.o(i.HAL_NAND_ConfigDevice), (34 bytes).
    Removing stm32h7xx_hal_nand.o(i.HAL_NAND_DeInit), (28 bytes).
    Removing stm32h7xx_hal_nand.o(i.HAL_NAND_ECC_Disable), (48 bytes).
    Removing stm32h7xx_hal_nand.o(i.HAL_NAND_ECC_Enable), (48 bytes).
    Removing stm32h7xx_hal_nand.o(i.HAL_NAND_Erase_Block), (172 bytes).
    Removing stm32h7xx_hal_nand.o(i.HAL_NAND_GetECC), (50 bytes).
    Removing stm32h7xx_hal_nand.o(i.HAL_NAND_GetState), (6 bytes).
    Removing stm32h7xx_hal_nand.o(i.HAL_NAND_IRQHandler), (102 bytes).
    Removing stm32h7xx_hal_nand.o(i.HAL_NAND_ITCallback), (2 bytes).
    Removing stm32h7xx_hal_nand.o(i.HAL_NAND_MspDeInit), (2 bytes).
    Removing stm32h7xx_hal_nand.o(i.HAL_NAND_MspInit), (2 bytes).
    Removing stm32h7xx_hal_nand.o(i.HAL_NAND_Read_ID), (148 bytes).
    Removing stm32h7xx_hal_nand.o(i.HAL_NAND_Read_Page_16b), (326 bytes).
    Removing stm32h7xx_hal_nand.o(i.HAL_NAND_Read_Page_8b), (326 bytes).
    Removing stm32h7xx_hal_nand.o(i.HAL_NAND_Read_SpareArea_16b), (352 bytes).
    Removing stm32h7xx_hal_nand.o(i.HAL_NAND_Read_SpareArea_8b), (348 bytes).
    Removing stm32h7xx_hal_nand.o(i.HAL_NAND_Read_Status), (36 bytes).
    Removing stm32h7xx_hal_nand.o(i.HAL_NAND_Reset), (68 bytes).
    Removing stm32h7xx_hal_nand.o(i.HAL_NAND_Write_Page_16b), (312 bytes).
    Removing stm32h7xx_hal_nand.o(i.HAL_NAND_Write_Page_8b), (312 bytes).
    Removing stm32h7xx_hal_nand.o(i.HAL_NAND_Write_SpareArea_16b), (356 bytes).
    Removing stm32h7xx_hal_nand.o(i.HAL_NAND_Write_SpareArea_8b), (356 bytes).
    Removing stm32h7xx_hal_qspi.o(.rev16_text), (4 bytes).
    Removing stm32h7xx_hal_qspi.o(.revsh_text), (4 bytes).
    Removing stm32h7xx_hal_qspi.o(.rrx_text), (6 bytes).
    Removing stm32h7xx_hal_qspi.o(i.HAL_QSPI_Abort), (124 bytes).
    Removing stm32h7xx_hal_qspi.o(i.HAL_QSPI_AbortCpltCallback), (2 bytes).
    Removing stm32h7xx_hal_qspi.o(i.HAL_QSPI_Abort_IT), (112 bytes).
    Removing stm32h7xx_hal_qspi.o(i.HAL_QSPI_AutoPolling), (172 bytes).
    Removing stm32h7xx_hal_qspi.o(i.HAL_QSPI_AutoPolling_IT), (162 bytes).
    Removing stm32h7xx_hal_qspi.o(i.HAL_QSPI_CmdCpltCallback), (2 bytes).
    Removing stm32h7xx_hal_qspi.o(i.HAL_QSPI_Command), (134 bytes).
    Removing stm32h7xx_hal_qspi.o(i.HAL_QSPI_Command_IT), (128 bytes).
    Removing stm32h7xx_hal_qspi.o(i.HAL_QSPI_DeInit), (58 bytes).
    Removing stm32h7xx_hal_qspi.o(i.HAL_QSPI_ErrorCallback), (2 bytes).
    Removing stm32h7xx_hal_qspi.o(i.HAL_QSPI_FifoThresholdCallback), (2 bytes).
    Removing stm32h7xx_hal_qspi.o(i.HAL_QSPI_GetError), (4 bytes).
    Removing stm32h7xx_hal_qspi.o(i.HAL_QSPI_GetFifoThreshold), (12 bytes).
    Removing stm32h7xx_hal_qspi.o(i.HAL_QSPI_GetState), (6 bytes).
    Removing stm32h7xx_hal_qspi.o(i.HAL_QSPI_IRQHandler), (484 bytes).
    Removing stm32h7xx_hal_qspi.o(i.HAL_QSPI_MemoryMapped), (140 bytes).
    Removing stm32h7xx_hal_qspi.o(i.HAL_QSPI_MspDeInit), (2 bytes).
    Removing stm32h7xx_hal_qspi.o(i.HAL_QSPI_MspInit), (2 bytes).
    Removing stm32h7xx_hal_qspi.o(i.HAL_QSPI_Receive), (190 bytes).
    Removing stm32h7xx_hal_qspi.o(i.HAL_QSPI_Receive_DMA), (248 bytes).
    Removing stm32h7xx_hal_qspi.o(i.HAL_QSPI_Receive_IT), (120 bytes).
    Removing stm32h7xx_hal_qspi.o(i.HAL_QSPI_RxCpltCallback), (2 bytes).
    Removing stm32h7xx_hal_qspi.o(i.HAL_QSPI_SetFifoThreshold), (66 bytes).
    Removing stm32h7xx_hal_qspi.o(i.HAL_QSPI_SetFlashID), (58 bytes).
    Removing stm32h7xx_hal_qspi.o(i.HAL_QSPI_SetTimeout), (4 bytes).
    Removing stm32h7xx_hal_qspi.o(i.HAL_QSPI_StatusMatchCallback), (2 bytes).
    Removing stm32h7xx_hal_qspi.o(i.HAL_QSPI_TimeOutCallback), (2 bytes).
    Removing stm32h7xx_hal_qspi.o(i.HAL_QSPI_Transmit), (182 bytes).
    Removing stm32h7xx_hal_qspi.o(i.HAL_QSPI_Transmit_DMA), (264 bytes).
    Removing stm32h7xx_hal_qspi.o(i.HAL_QSPI_Transmit_IT), (110 bytes).
    Removing stm32h7xx_hal_qspi.o(i.HAL_QSPI_TxCpltCallback), (2 bytes).
    Removing stm32h7xx_hal_qspi.o(i.QSPI_Config), (424 bytes).
    Removing stm32h7xx_hal_qspi.o(i.QSPI_DMAAbortCplt), (58 bytes).
    Removing stm32h7xx_hal_qspi.o(i.QSPI_DMAError), (30 bytes).
    Removing stm32h7xx_hal_qspi.o(i.QSPI_DMARxCplt), (18 bytes).
    Removing stm32h7xx_hal_qspi.o(i.QSPI_DMATxCplt), (18 bytes).
    Removing stm32h7xx_ll_sdmmc.o(.rev16_text), (4 bytes).
    Removing stm32h7xx_ll_sdmmc.o(.revsh_text), (4 bytes).
    Removing stm32h7xx_ll_sdmmc.o(.rrx_text), (6 bytes).
    Removing stm32h7xx_ll_sdmmc.o(i.SDMMC_CmdErase), (50 bytes).
    Removing stm32h7xx_ll_sdmmc.o(i.SDMMC_CmdEraseEndAdd), (52 bytes).
    Removing stm32h7xx_ll_sdmmc.o(i.SDMMC_CmdEraseStartAdd), (52 bytes).
    Removing stm32h7xx_ll_sdmmc.o(i.SDMMC_CmdOpCondition), (44 bytes).
    Removing stm32h7xx_ll_sdmmc.o(i.SDMMC_CmdReadMultiBlock), (52 bytes).
    Removing stm32h7xx_ll_sdmmc.o(i.SDMMC_CmdReadSingleBlock), (52 bytes).
    Removing stm32h7xx_ll_sdmmc.o(i.SDMMC_CmdSDEraseEndAdd), (52 bytes).
    Removing stm32h7xx_ll_sdmmc.o(i.SDMMC_CmdSDEraseStartAdd), (50 bytes).
    Removing stm32h7xx_ll_sdmmc.o(i.SDMMC_CmdSendEXTCSD), (50 bytes).
    Removing stm32h7xx_ll_sdmmc.o(i.SDMMC_CmdStopTransfer), (76 bytes).
    Removing stm32h7xx_ll_sdmmc.o(i.SDMMC_CmdSwitch), (52 bytes).
    Removing stm32h7xx_ll_sdmmc.o(i.SDMMC_CmdWriteMultiBlock), (52 bytes).
    Removing stm32h7xx_ll_sdmmc.o(i.SDMMC_CmdWriteSingleBlock), (52 bytes).
    Removing stm32h7xx_ll_sdmmc.o(i.SDMMC_GetCommandResponse), (6 bytes).
    Removing stm32h7xx_ll_sdmmc.o(i.SDMMC_GetDataCounter), (4 bytes).
    Removing stm32h7xx_ll_sdmmc.o(i.SDMMC_GetFIFOCount), (6 bytes).
    Removing stm32h7xx_ll_sdmmc.o(i.SDMMC_PowerState_Cycle), (12 bytes).
    Removing stm32h7xx_ll_sdmmc.o(i.SDMMC_PowerState_OFF), (12 bytes).
    Removing stm32h7xx_ll_sdmmc.o(i.SDMMC_SetSDMMCReadWaitMode), (14 bytes).
    Removing stm32h7xx_ll_sdmmc.o(i.SDMMC_WriteFIFO), (10 bytes).
    Removing stm32h7xx_ll_delayblock.o(.rev16_text), (4 bytes).
    Removing stm32h7xx_ll_delayblock.o(.revsh_text), (4 bytes).
    Removing stm32h7xx_ll_delayblock.o(.rrx_text), (6 bytes).
    Removing stm32h7xx_ll_delayblock.o(i.DelayBlock_Disable), (8 bytes).
    Removing stm32h7xx_ll_delayblock.o(i.DelayBlock_Enable), (132 bytes).
    Removing stm32h7xx_hal_sd.o(.rev16_text), (4 bytes).
    Removing stm32h7xx_hal_sd.o(.revsh_text), (4 bytes).
    Removing stm32h7xx_hal_sd.o(.rrx_text), (6 bytes).
    Removing stm32h7xx_hal_sd.o(i.HAL_SDEx_Read_DMADoubleBuf0CpltCallback), (2 bytes).
    Removing stm32h7xx_hal_sd.o(i.HAL_SDEx_Read_DMADoubleBuf1CpltCallback), (2 bytes).
    Removing stm32h7xx_hal_sd.o(i.HAL_SDEx_Write_DMADoubleBuf0CpltCallback), (2 bytes).
    Removing stm32h7xx_hal_sd.o(i.HAL_SDEx_Write_DMADoubleBuf1CpltCallback), (2 bytes).
    Removing stm32h7xx_hal_sd.o(i.HAL_SD_Abort), (72 bytes).
    Removing stm32h7xx_hal_sd.o(i.HAL_SD_AbortCallback), (2 bytes).
    Removing stm32h7xx_hal_sd.o(i.HAL_SD_Abort_IT), (76 bytes).
    Removing stm32h7xx_hal_sd.o(i.HAL_SD_ConfigSpeedBusOperation), (296 bytes).
    Removing stm32h7xx_hal_sd.o(i.HAL_SD_DeInit), (52 bytes).
    Removing stm32h7xx_hal_sd.o(i.HAL_SD_Erase), (192 bytes).
    Removing stm32h7xx_hal_sd.o(i.HAL_SD_ErrorCallback), (2 bytes).
    Removing stm32h7xx_hal_sd.o(i.HAL_SD_GetCardCID), (82 bytes).
    Removing stm32h7xx_hal_sd.o(i.HAL_SD_GetCardInfo), (36 bytes).
    Removing stm32h7xx_hal_sd.o(i.HAL_SD_GetError), (4 bytes).
    Removing stm32h7xx_hal_sd.o(i.HAL_SD_GetState), (6 bytes).
    Removing stm32h7xx_hal_sd.o(i.HAL_SD_IRQHandler), (576 bytes).
    Removing stm32h7xx_hal_sd.o(i.HAL_SD_MspDeInit), (2 bytes).
    Removing stm32h7xx_hal_sd.o(i.HAL_SD_MspInit), (2 bytes).
    Removing stm32h7xx_hal_sd.o(i.HAL_SD_ReadBlocks), (468 bytes).
    Removing stm32h7xx_hal_sd.o(i.HAL_SD_ReadBlocks_DMA), (264 bytes).
    Removing stm32h7xx_hal_sd.o(i.HAL_SD_ReadBlocks_IT), (240 bytes).
    Removing stm32h7xx_hal_sd.o(i.HAL_SD_RxCpltCallback), (2 bytes).
    Removing stm32h7xx_hal_sd.o(i.HAL_SD_TxCpltCallback), (2 bytes).
    Removing stm32h7xx_hal_sd.o(i.HAL_SD_WriteBlocks), (504 bytes).
    Removing stm32h7xx_hal_sd.o(i.HAL_SD_WriteBlocks_DMA), (260 bytes).
    Removing stm32h7xx_hal_sd.o(i.HAL_SD_WriteBlocks_IT), (240 bytes).
    Removing stm32h7xx_hal_sd.o(i.SD_DDR_Mode), (308 bytes).
    Removing stm32h7xx_hal_sd.o(i.SD_HighSpeed), (252 bytes).
    Removing stm32h7xx_hal_sd.o(i.SD_UltraHighSpeed), (308 bytes).
    Removing stm32h7xx_hal_sd_ex.o(.rev16_text), (4 bytes).
    Removing stm32h7xx_hal_sd_ex.o(.revsh_text), (4 bytes).
    Removing stm32h7xx_hal_sd_ex.o(.rrx_text), (6 bytes).
    Removing stm32h7xx_hal_sd_ex.o(i.HAL_SDEx_ChangeDMABuffer), (14 bytes).
    Removing stm32h7xx_hal_sd_ex.o(i.HAL_SDEx_ConfigDMAMultiBuffer), (32 bytes).
    Removing stm32h7xx_hal_sd_ex.o(i.HAL_SDEx_ReadBlocksDMAMultiBuffer), (240 bytes).
    Removing stm32h7xx_hal_sd_ex.o(i.HAL_SDEx_WriteBlocksDMAMultiBuffer), (212 bytes).
    Removing stm32h7xx_hal_tim.o(.rev16_text), (4 bytes).
    Removing stm32h7xx_hal_tim.o(.revsh_text), (4 bytes).
    Removing stm32h7xx_hal_tim.o(.rrx_text), (6 bytes).
    Removing stm32h7xx_hal_tim.o(i.HAL_TIM_Base_DeInit), (56 bytes).
    Removing stm32h7xx_hal_tim.o(i.HAL_TIM_Base_GetState), (6 bytes).
    Removing stm32h7xx_hal_tim.o(i.HAL_TIM_Base_MspDeInit), (2 bytes).
    Removing stm32h7xx_hal_tim.o(i.HAL_TIM_Base_MspInit), (2 bytes).
    Removing stm32h7xx_hal_tim.o(i.HAL_TIM_Base_Start), (48 bytes).
    Removing stm32h7xx_hal_tim.o(i.HAL_TIM_Base_Start_DMA), (124 bytes).
    Removing stm32h7xx_hal_tim.o(i.HAL_TIM_Base_Stop), (44 bytes).
    Removing stm32h7xx_hal_tim.o(i.HAL_TIM_Base_Stop_DMA), (58 bytes).
    Removing stm32h7xx_hal_tim.o(i.HAL_TIM_Base_Stop_IT), (42 bytes).
    Removing stm32h7xx_hal_tim.o(i.HAL_TIM_ConfigClockSource), (248 bytes).
    Removing stm32h7xx_hal_tim.o(i.HAL_TIM_ConfigOCrefClear), (270 bytes).
    Removing stm32h7xx_hal_tim.o(i.HAL_TIM_ConfigTI1Input), (16 bytes).
    Removing stm32h7xx_hal_tim.o(i.HAL_TIM_DMABurst_MultiReadStart), (332 bytes).
    Removing stm32h7xx_hal_tim.o(i.HAL_TIM_DMABurst_MultiWriteStart), (332 bytes).
    Removing stm32h7xx_hal_tim.o(i.HAL_TIM_DMABurst_ReadStart), (18 bytes).
    Removing stm32h7xx_hal_tim.o(i.HAL_TIM_DMABurst_ReadStop), (102 bytes).
    Removing stm32h7xx_hal_tim.o(i.HAL_TIM_DMABurst_WriteStart), (18 bytes).
    Removing stm32h7xx_hal_tim.o(i.HAL_TIM_DMABurst_WriteStop), (102 bytes).
    Removing stm32h7xx_hal_tim.o(i.HAL_TIM_Encoder_DeInit), (56 bytes).
    Removing stm32h7xx_hal_tim.o(i.HAL_TIM_Encoder_GetState), (6 bytes).
    Removing stm32h7xx_hal_tim.o(i.HAL_TIM_Encoder_Init), (168 bytes).
    Removing stm32h7xx_hal_tim.o(i.HAL_TIM_Encoder_MspDeInit), (2 bytes).
    Removing stm32h7xx_hal_tim.o(i.HAL_TIM_Encoder_MspInit), (2 bytes).
    Removing stm32h7xx_hal_tim.o(i.HAL_TIM_Encoder_Start), (52 bytes).
    Removing stm32h7xx_hal_tim.o(i.HAL_TIM_Encoder_Start_DMA), (312 bytes).
    Removing stm32h7xx_hal_tim.o(i.HAL_TIM_Encoder_Start_IT), (92 bytes).
    Removing stm32h7xx_hal_tim.o(i.HAL_TIM_Encoder_Stop), (70 bytes).
    Removing stm32h7xx_hal_tim.o(i.HAL_TIM_Encoder_Stop_DMA), (144 bytes).
    Removing stm32h7xx_hal_tim.o(i.HAL_TIM_Encoder_Stop_IT), (116 bytes).
    Removing stm32h7xx_hal_tim.o(i.HAL_TIM_ErrorCallback), (2 bytes).
    Removing stm32h7xx_hal_tim.o(i.HAL_TIM_GenerateEvent), (40 bytes).
    Removing stm32h7xx_hal_tim.o(i.HAL_TIM_IC_CaptureHalfCpltCallback), (2 bytes).
    Removing stm32h7xx_hal_tim.o(i.HAL_TIM_IC_ConfigChannel), (288 bytes).
    Removing stm32h7xx_hal_tim.o(i.HAL_TIM_IC_DeInit), (56 bytes).
    Removing stm32h7xx_hal_tim.o(i.HAL_TIM_IC_GetState), (6 bytes).
    Removing stm32h7xx_hal_tim.o(i.HAL_TIM_IC_Init), (54 bytes).
    Removing stm32h7xx_hal_tim.o(i.HAL_TIM_IC_MspDeInit), (2 bytes).
    Removing stm32h7xx_hal_tim.o(i.HAL_TIM_IC_MspInit), (2 bytes).
    Removing stm32h7xx_hal_tim.o(i.HAL_TIM_IC_Start), (48 bytes).
    Removing stm32h7xx_hal_tim.o(i.HAL_TIM_IC_Start_DMA), (260 bytes).
    Removing stm32h7xx_hal_tim.o(i.HAL_TIM_IC_Start_IT), (96 bytes).
    Removing stm32h7xx_hal_tim.o(i.HAL_TIM_IC_Stop), (44 bytes).
    Removing stm32h7xx_hal_tim.o(i.HAL_TIM_IC_Stop_DMA), (122 bytes).
    Removing stm32h7xx_hal_tim.o(i.HAL_TIM_IC_Stop_IT), (94 bytes).
    Removing stm32h7xx_hal_tim.o(i.HAL_TIM_OC_ConfigChannel), (114 bytes).
    Removing stm32h7xx_hal_tim.o(i.HAL_TIM_OC_DeInit), (56 bytes).
    Removing stm32h7xx_hal_tim.o(i.HAL_TIM_OC_GetState), (6 bytes).
    Removing stm32h7xx_hal_tim.o(i.HAL_TIM_OC_Init), (54 bytes).
    Removing stm32h7xx_hal_tim.o(i.HAL_TIM_OC_MspDeInit), (2 bytes).
    Removing stm32h7xx_hal_tim.o(i.HAL_TIM_OC_MspInit), (2 bytes).
    Removing stm32h7xx_hal_tim.o(i.HAL_TIM_OC_Start), (108 bytes).
    Removing stm32h7xx_hal_tim.o(i.HAL_TIM_OC_Start_DMA), (332 bytes).
    Removing stm32h7xx_hal_tim.o(i.HAL_TIM_OC_Start_IT), (156 bytes).
    Removing stm32h7xx_hal_tim.o(i.HAL_TIM_OC_Stop), (116 bytes).
    Removing stm32h7xx_hal_tim.o(i.HAL_TIM_OC_Stop_DMA), (196 bytes).
    Removing stm32h7xx_hal_tim.o(i.HAL_TIM_OC_Stop_IT), (168 bytes).
    Removing stm32h7xx_hal_tim.o(i.HAL_TIM_OnePulse_ConfigChannel), (236 bytes).
    Removing stm32h7xx_hal_tim.o(i.HAL_TIM_OnePulse_DeInit), (56 bytes).
    Removing stm32h7xx_hal_tim.o(i.HAL_TIM_OnePulse_GetState), (6 bytes).
    Removing stm32h7xx_hal_tim.o(i.HAL_TIM_OnePulse_Init), (74 bytes).
    Removing stm32h7xx_hal_tim.o(i.HAL_TIM_OnePulse_MspDeInit), (2 bytes).
    Removing stm32h7xx_hal_tim.o(i.HAL_TIM_OnePulse_MspInit), (2 bytes).
    Removing stm32h7xx_hal_tim.o(i.HAL_TIM_OnePulse_Start), (88 bytes).
    Removing stm32h7xx_hal_tim.o(i.HAL_TIM_OnePulse_Start_IT), (108 bytes).
    Removing stm32h7xx_hal_tim.o(i.HAL_TIM_OnePulse_Stop), (128 bytes).
    Removing stm32h7xx_hal_tim.o(i.HAL_TIM_OnePulse_Stop_IT), (148 bytes).
    Removing stm32h7xx_hal_tim.o(i.HAL_TIM_PWM_DeInit), (56 bytes).
    Removing stm32h7xx_hal_tim.o(i.HAL_TIM_PWM_GetState), (6 bytes).
    Removing stm32h7xx_hal_tim.o(i.HAL_TIM_PWM_MspDeInit), (2 bytes).
    Removing stm32h7xx_hal_tim.o(i.HAL_TIM_PWM_MspInit), (2 bytes).
    Removing stm32h7xx_hal_tim.o(i.HAL_TIM_PWM_PulseFinishedHalfCpltCallback), (2 bytes).
    Removing stm32h7xx_hal_tim.o(i.HAL_TIM_PWM_Start), (108 bytes).
    Removing stm32h7xx_hal_tim.o(i.HAL_TIM_PWM_Start_DMA), (332 bytes).
    Removing stm32h7xx_hal_tim.o(i.HAL_TIM_PWM_Start_IT), (156 bytes).
    Removing stm32h7xx_hal_tim.o(i.HAL_TIM_PWM_Stop), (124 bytes).
    Removing stm32h7xx_hal_tim.o(i.HAL_TIM_PWM_Stop_DMA), (196 bytes).
    Removing stm32h7xx_hal_tim.o(i.HAL_TIM_PWM_Stop_IT), (168 bytes).
    Removing stm32h7xx_hal_tim.o(i.HAL_TIM_PeriodElapsedCallback), (2 bytes).
    Removing stm32h7xx_hal_tim.o(i.HAL_TIM_PeriodElapsedHalfCpltCallback), (2 bytes).
    Removing stm32h7xx_hal_tim.o(i.HAL_TIM_ReadCapturedValue), (44 bytes).
    Removing stm32h7xx_hal_tim.o(i.HAL_TIM_SlaveConfigSynchro), (86 bytes).
    Removing stm32h7xx_hal_tim.o(i.HAL_TIM_SlaveConfigSynchro_IT), (86 bytes).
    Removing stm32h7xx_hal_tim.o(i.HAL_TIM_TriggerHalfCpltCallback), (2 bytes).
    Removing stm32h7xx_hal_tim.o(i.TIM_CCxChannelCmd), (26 bytes).
    Removing stm32h7xx_hal_tim.o(i.TIM_DMACaptureCplt), (62 bytes).
    Removing stm32h7xx_hal_tim.o(i.TIM_DMACaptureHalfCplt), (62 bytes).
    Removing stm32h7xx_hal_tim.o(i.TIM_DMADelayPulseCplt), (62 bytes).
    Removing stm32h7xx_hal_tim.o(i.TIM_DMADelayPulseHalfCplt), (62 bytes).
    Removing stm32h7xx_hal_tim.o(i.TIM_DMAError), (16 bytes).
    Removing stm32h7xx_hal_tim.o(i.TIM_DMAPeriodElapsedCplt), (16 bytes).
    Removing stm32h7xx_hal_tim.o(i.TIM_DMAPeriodElapsedHalfCplt), (16 bytes).
    Removing stm32h7xx_hal_tim.o(i.TIM_DMATriggerCplt), (16 bytes).
    Removing stm32h7xx_hal_tim.o(i.TIM_DMATriggerHalfCplt), (16 bytes).
    Removing stm32h7xx_hal_tim.o(i.TIM_ETR_SetConfig), (18 bytes).
    Removing stm32h7xx_hal_tim.o(i.TIM_ITRx_SetConfig), (20 bytes).
    Removing stm32h7xx_hal_tim.o(i.TIM_SlaveTimer_SetConfig), (156 bytes).
    Removing stm32h7xx_hal_tim.o(i.TIM_TI1_ConfigInputStage), (34 bytes).
    Removing stm32h7xx_hal_tim.o(i.TIM_TI1_SetConfig), (128 bytes).
    Removing stm32h7xx_hal_tim.o(i.TIM_TI2_ConfigInputStage), (36 bytes).
    Removing stm32h7xx_hal_tim.o(i.TIM_TI2_SetConfig), (54 bytes).
    Removing stm32h7xx_hal_tim_ex.o(.rev16_text), (4 bytes).
    Removing stm32h7xx_hal_tim_ex.o(.revsh_text), (4 bytes).
    Removing stm32h7xx_hal_tim_ex.o(.rrx_text), (6 bytes).
    Removing stm32h7xx_hal_tim_ex.o(i.HAL_TIMEx_CommutHalfCpltCallback), (2 bytes).
    Removing stm32h7xx_hal_tim_ex.o(i.HAL_TIMEx_ConfigBreakInput), (202 bytes).
    Removing stm32h7xx_hal_tim_ex.o(i.HAL_TIMEx_ConfigCommutEvent), (116 bytes).
    Removing stm32h7xx_hal_tim_ex.o(i.HAL_TIMEx_ConfigCommutEvent_DMA), (148 bytes).
    Removing stm32h7xx_hal_tim_ex.o(i.HAL_TIMEx_ConfigCommutEvent_IT), (116 bytes).
    Removing stm32h7xx_hal_tim_ex.o(i.HAL_TIMEx_GroupChannel5), (58 bytes).
    Removing stm32h7xx_hal_tim_ex.o(i.HAL_TIMEx_HallSensor_DeInit), (56 bytes).
    Removing stm32h7xx_hal_tim_ex.o(i.HAL_TIMEx_HallSensor_GetState), (6 bytes).
    Removing stm32h7xx_hal_tim_ex.o(i.HAL_TIMEx_HallSensor_Init), (200 bytes).
    Removing stm32h7xx_hal_tim_ex.o(i.HAL_TIMEx_HallSensor_MspDeInit), (2 bytes).
    Removing stm32h7xx_hal_tim_ex.o(i.HAL_TIMEx_HallSensor_MspInit), (2 bytes).
    Removing stm32h7xx_hal_tim_ex.o(i.HAL_TIMEx_HallSensor_Start), (48 bytes).
    Removing stm32h7xx_hal_tim_ex.o(i.HAL_TIMEx_HallSensor_Start_DMA), (140 bytes).
    Removing stm32h7xx_hal_tim_ex.o(i.HAL_TIMEx_HallSensor_Start_IT), (60 bytes).
    Removing stm32h7xx_hal_tim_ex.o(i.HAL_TIMEx_HallSensor_Stop), (46 bytes).
    Removing stm32h7xx_hal_tim_ex.o(i.HAL_TIMEx_HallSensor_Stop_DMA), (62 bytes).
    Removing stm32h7xx_hal_tim_ex.o(i.HAL_TIMEx_HallSensor_Stop_IT), (56 bytes).
    Removing stm32h7xx_hal_tim_ex.o(i.HAL_TIMEx_OCN_Start), (56 bytes).
    Removing stm32h7xx_hal_tim_ex.o(i.HAL_TIMEx_OCN_Start_DMA), (240 bytes).
    Removing stm32h7xx_hal_tim_ex.o(i.HAL_TIMEx_OCN_Start_IT), (104 bytes).
    Removing stm32h7xx_hal_tim_ex.o(i.HAL_TIMEx_OCN_Stop), (66 bytes).
    Removing stm32h7xx_hal_tim_ex.o(i.HAL_TIMEx_OCN_Stop_DMA), (128 bytes).
    Removing stm32h7xx_hal_tim_ex.o(i.HAL_TIMEx_OCN_Stop_IT), (122 bytes).
    Removing stm32h7xx_hal_tim_ex.o(i.HAL_TIMEx_OnePulseN_Start), (26 bytes).
    Removing stm32h7xx_hal_tim_ex.o(i.HAL_TIMEx_OnePulseN_Start_IT), (46 bytes).
    Removing stm32h7xx_hal_tim_ex.o(i.HAL_TIMEx_OnePulseN_Stop), (66 bytes).
    Removing stm32h7xx_hal_tim_ex.o(i.HAL_TIMEx_OnePulseN_Stop_IT), (86 bytes).
    Removing stm32h7xx_hal_tim_ex.o(i.HAL_TIMEx_PWMN_Start), (56 bytes).
    Removing stm32h7xx_hal_tim_ex.o(i.HAL_TIMEx_PWMN_Start_DMA), (240 bytes).
    Removing stm32h7xx_hal_tim_ex.o(i.HAL_TIMEx_PWMN_Start_IT), (104 bytes).
    Removing stm32h7xx_hal_tim_ex.o(i.HAL_TIMEx_PWMN_Stop), (66 bytes).
    Removing stm32h7xx_hal_tim_ex.o(i.HAL_TIMEx_PWMN_Stop_DMA), (128 bytes).
    Removing stm32h7xx_hal_tim_ex.o(i.HAL_TIMEx_PWMN_Stop_IT), (122 bytes).
    Removing stm32h7xx_hal_tim_ex.o(i.HAL_TIMEx_RemapConfig), (42 bytes).
    Removing stm32h7xx_hal_tim_ex.o(i.HAL_TIMEx_TISelection), (96 bytes).
    Removing stm32h7xx_hal_tim_ex.o(i.TIMEx_DMACommutationCplt), (16 bytes).
    Removing stm32h7xx_hal_tim_ex.o(i.TIMEx_DMACommutationHalfCplt), (16 bytes).
    Removing stm32h7xx_hal_tim_ex.o(i.TIM_CCxNChannelCmd), (26 bytes).
    Removing stm32h7xx_hal_uart.o(.rev16_text), (4 bytes).
    Removing stm32h7xx_hal_uart.o(.revsh_text), (4 bytes).
    Removing stm32h7xx_hal_uart.o(.rrx_text), (6 bytes).
    Removing stm32h7xx_hal_uart.o(i.HAL_HalfDuplex_EnableReceiver), (62 bytes).
    Removing stm32h7xx_hal_uart.o(i.HAL_HalfDuplex_EnableTransmitter), (62 bytes).
    Removing stm32h7xx_hal_uart.o(i.HAL_HalfDuplex_Init), (116 bytes).
    Removing stm32h7xx_hal_uart.o(i.HAL_LIN_Init), (140 bytes).
    Removing stm32h7xx_hal_uart.o(i.HAL_LIN_SendBreak), (50 bytes).
    Removing stm32h7xx_hal_uart.o(i.HAL_MultiProcessor_DisableMuteMode), (44 bytes).
    Removing stm32h7xx_hal_uart.o(i.HAL_MultiProcessor_EnableMuteMode), (44 bytes).
    Removing stm32h7xx_hal_uart.o(i.HAL_MultiProcessor_EnterMuteMode), (12 bytes).
    Removing stm32h7xx_hal_uart.o(i.HAL_MultiProcessor_Init), (138 bytes).
    Removing stm32h7xx_hal_uart.o(i.HAL_UART_Abort), (184 bytes).
    Removing stm32h7xx_hal_uart.o(i.HAL_UART_AbortCpltCallback), (2 bytes).
    Removing stm32h7xx_hal_uart.o(i.HAL_UART_AbortReceive), (112 bytes).
    Removing stm32h7xx_hal_uart.o(i.HAL_UART_AbortReceiveCpltCallback), (2 bytes).
    Removing stm32h7xx_hal_uart.o(i.HAL_UART_AbortReceive_IT), (124 bytes).
    Removing stm32h7xx_hal_uart.o(i.HAL_UART_AbortTransmit), (110 bytes).
    Removing stm32h7xx_hal_uart.o(i.HAL_UART_AbortTransmitCpltCallback), (2 bytes).
    Removing stm32h7xx_hal_uart.o(i.HAL_UART_AbortTransmit_IT), (120 bytes).
    Removing stm32h7xx_hal_uart.o(i.HAL_UART_Abort_IT), (220 bytes).
    Removing stm32h7xx_hal_uart.o(i.HAL_UART_DMAPause), (100 bytes).
    Removing stm32h7xx_hal_uart.o(i.HAL_UART_DMAResume), (92 bytes).
    Removing stm32h7xx_hal_uart.o(i.HAL_UART_DMAStop), (118 bytes).
    Removing stm32h7xx_hal_uart.o(i.HAL_UART_DeInit), (66 bytes).
    Removing stm32h7xx_hal_uart.o(i.HAL_UART_DisableReceiverTimeout), (76 bytes).
    Removing stm32h7xx_hal_uart.o(i.HAL_UART_EnableReceiverTimeout), (76 bytes).
    Removing stm32h7xx_hal_uart.o(i.HAL_UART_ErrorCallback), (2 bytes).
    Removing stm32h7xx_hal_uart.o(i.HAL_UART_GetError), (6 bytes).
    Removing stm32h7xx_hal_uart.o(i.HAL_UART_GetState), (14 bytes).
    Removing stm32h7xx_hal_uart.o(i.HAL_UART_IRQHandler), (448 bytes).
    Removing stm32h7xx_hal_uart.o(i.HAL_UART_MspDeInit), (2 bytes).
    Removing stm32h7xx_hal_uart.o(i.HAL_UART_MspInit), (2 bytes).
    Removing stm32h7xx_hal_uart.o(i.HAL_UART_Receive), (248 bytes).
    Removing stm32h7xx_hal_uart.o(i.HAL_UART_Receive_DMA), (164 bytes).
    Removing stm32h7xx_hal_uart.o(i.HAL_UART_Receive_IT), (248 bytes).
    Removing stm32h7xx_hal_uart.o(i.HAL_UART_ReceiverTimeout_Config), (24 bytes).
    Removing stm32h7xx_hal_uart.o(i.HAL_UART_RxCpltCallback), (2 bytes).
    Removing stm32h7xx_hal_uart.o(i.HAL_UART_RxHalfCpltCallback), (2 bytes).
    Removing stm32h7xx_hal_uart.o(i.HAL_UART_Transmit), (190 bytes).
    Removing stm32h7xx_hal_uart.o(i.HAL_UART_Transmit_DMA), (156 bytes).
    Removing stm32h7xx_hal_uart.o(i.HAL_UART_Transmit_IT), (156 bytes).
    Removing stm32h7xx_hal_uart.o(i.HAL_UART_TxCpltCallback), (2 bytes).
    Removing stm32h7xx_hal_uart.o(i.HAL_UART_TxHalfCpltCallback), (2 bytes).
    Removing stm32h7xx_hal_uart.o(i.UART_DMAAbortOnError), (20 bytes).
    Removing stm32h7xx_hal_uart.o(i.UART_DMAError), (78 bytes).
    Removing stm32h7xx_hal_uart.o(i.UART_DMAReceiveCplt), (60 bytes).
    Removing stm32h7xx_hal_uart.o(i.UART_DMARxAbortCallback), (64 bytes).
    Removing stm32h7xx_hal_uart.o(i.UART_DMARxHalfCplt), (10 bytes).
    Removing stm32h7xx_hal_uart.o(i.UART_DMARxOnlyAbortCallback), (38 bytes).
    Removing stm32h7xx_hal_uart.o(i.UART_DMATransmitCplt), (46 bytes).
    Removing stm32h7xx_hal_uart.o(i.UART_DMATxAbortCallback), (72 bytes).
    Removing stm32h7xx_hal_uart.o(i.UART_DMATxHalfCplt), (10 bytes).
    Removing stm32h7xx_hal_uart.o(i.UART_DMATxOnlyAbortCallback), (40 bytes).
    Removing stm32h7xx_hal_uart.o(i.UART_EndRxTransfer), (40 bytes).
    Removing stm32h7xx_hal_uart.o(i.UART_EndTxTransfer), (28 bytes).
    Removing stm32h7xx_hal_uart.o(i.UART_RxISR_16BIT), (94 bytes).
    Removing stm32h7xx_hal_uart.o(i.UART_RxISR_16BIT_FIFOEN), (164 bytes).
    Removing stm32h7xx_hal_uart.o(i.UART_RxISR_8BIT), (94 bytes).
    Removing stm32h7xx_hal_uart.o(i.UART_RxISR_8BIT_FIFOEN), (164 bytes).
    Removing stm32h7xx_hal_uart.o(i.UART_TxISR_16BIT), (66 bytes).
    Removing stm32h7xx_hal_uart.o(i.UART_TxISR_16BIT_FIFOEN), (88 bytes).
    Removing stm32h7xx_hal_uart.o(i.UART_TxISR_8BIT), (62 bytes).
    Removing stm32h7xx_hal_uart.o(i.UART_TxISR_8BIT_FIFOEN), (84 bytes).
    Removing stm32h7xx_hal_uart_ex.o(.rev16_text), (4 bytes).
    Removing stm32h7xx_hal_uart_ex.o(.revsh_text), (4 bytes).
    Removing stm32h7xx_hal_uart_ex.o(.rrx_text), (6 bytes).
    Removing stm32h7xx_hal_uart_ex.o(i.HAL_MultiProcessorEx_AddressLength_Set), (48 bytes).
    Removing stm32h7xx_hal_uart_ex.o(i.HAL_RS485Ex_Init), (140 bytes).
    Removing stm32h7xx_hal_uart_ex.o(i.HAL_UARTEx_DisableStopMode), (38 bytes).
    Removing stm32h7xx_hal_uart_ex.o(i.HAL_UARTEx_EnableFifoMode), (72 bytes).
    Removing stm32h7xx_hal_uart_ex.o(i.HAL_UARTEx_EnableStopMode), (38 bytes).
    Removing stm32h7xx_hal_uart_ex.o(i.HAL_UARTEx_RxFifoFullCallback), (2 bytes).
    Removing stm32h7xx_hal_uart_ex.o(i.HAL_UARTEx_StopModeWakeUpSourceConfig), (140 bytes).
    Removing stm32h7xx_hal_uart_ex.o(i.HAL_UARTEx_TxFifoEmptyCallback), (2 bytes).
    Removing stm32h7xx_hal_uart_ex.o(i.HAL_UARTEx_WakeupCallback), (2 bytes).
    Removing stm32h7xx_hal_pcd.o(.rev16_text), (4 bytes).
    Removing stm32h7xx_hal_pcd.o(.revsh_text), (4 bytes).
    Removing stm32h7xx_hal_pcd.o(.rrx_text), (6 bytes).
    Removing stm32h7xx_hal_pcd.o(i.HAL_PCD_ActivateRemoteWakeup), (6 bytes).
    Removing stm32h7xx_hal_pcd.o(i.HAL_PCD_ConnectCallback), (2 bytes).
    Removing stm32h7xx_hal_pcd.o(i.HAL_PCD_DataInStageCallback), (2 bytes).
    Removing stm32h7xx_hal_pcd.o(i.HAL_PCD_DataOutStageCallback), (2 bytes).
    Removing stm32h7xx_hal_pcd.o(i.HAL_PCD_DeActivateRemoteWakeup), (6 bytes).
    Removing stm32h7xx_hal_pcd.o(i.HAL_PCD_DeInit), (36 bytes).
    Removing stm32h7xx_hal_pcd.o(i.HAL_PCD_DevConnect), (60 bytes).
    Removing stm32h7xx_hal_pcd.o(i.HAL_PCD_DevDisconnect), (36 bytes).
    Removing stm32h7xx_hal_pcd.o(i.HAL_PCD_DisconnectCallback), (2 bytes).
    Removing stm32h7xx_hal_pcd.o(i.HAL_PCD_EP_Close), (76 bytes).
    Removing stm32h7xx_hal_pcd.o(i.HAL_PCD_EP_ClrStall), (92 bytes).
    Removing stm32h7xx_hal_pcd.o(i.HAL_PCD_EP_Flush), (50 bytes).
    Removing stm32h7xx_hal_pcd.o(i.HAL_PCD_EP_GetRxCount), (18 bytes).
    Removing stm32h7xx_hal_pcd.o(i.HAL_PCD_EP_Open), (96 bytes).
    Removing stm32h7xx_hal_pcd.o(i.HAL_PCD_EP_Receive), (68 bytes).
    Removing stm32h7xx_hal_pcd.o(i.HAL_PCD_EP_SetStall), (116 bytes).
    Removing stm32h7xx_hal_pcd.o(i.HAL_PCD_EP_Transmit), (68 bytes).
    Removing stm32h7xx_hal_pcd.o(i.HAL_PCD_GetState), (6 bytes).
    Removing stm32h7xx_hal_pcd.o(i.HAL_PCD_IRQHandler), (1182 bytes).
    Removing stm32h7xx_hal_pcd.o(i.HAL_PCD_ISOINIncompleteCallback), (2 bytes).
    Removing stm32h7xx_hal_pcd.o(i.HAL_PCD_ISOOUTIncompleteCallback), (2 bytes).
    Removing stm32h7xx_hal_pcd.o(i.HAL_PCD_MspDeInit), (2 bytes).
    Removing stm32h7xx_hal_pcd.o(i.HAL_PCD_MspInit), (2 bytes).
    Removing stm32h7xx_hal_pcd.o(i.HAL_PCD_ResetCallback), (2 bytes).
    Removing stm32h7xx_hal_pcd.o(i.HAL_PCD_ResumeCallback), (2 bytes).
    Removing stm32h7xx_hal_pcd.o(i.HAL_PCD_SOFCallback), (2 bytes).
    Removing stm32h7xx_hal_pcd.o(i.HAL_PCD_SetAddress), (40 bytes).
    Removing stm32h7xx_hal_pcd.o(i.HAL_PCD_SetupStageCallback), (2 bytes).
    Removing stm32h7xx_hal_pcd.o(i.HAL_PCD_Start), (66 bytes).
    Removing stm32h7xx_hal_pcd.o(i.HAL_PCD_Stop), (62 bytes).
    Removing stm32h7xx_hal_pcd.o(i.HAL_PCD_SuspendCallback), (2 bytes).
    Removing stm32h7xx_hal_pcd.o(i.PCD_EP_OutXfrComplete_int), (220 bytes).
    Removing stm32h7xx_hal_pcd.o(i.PCD_WriteEmptyTxFifo), (162 bytes).
    Removing stm32h7xx_hal_pcd_ex.o(.rev16_text), (4 bytes).
    Removing stm32h7xx_hal_pcd_ex.o(.revsh_text), (4 bytes).
    Removing stm32h7xx_hal_pcd_ex.o(.rrx_text), (6 bytes).
    Removing stm32h7xx_hal_pcd_ex.o(i.HAL_PCDEx_ActivateBCD), (44 bytes).
    Removing stm32h7xx_hal_pcd_ex.o(i.HAL_PCDEx_BCD_Callback), (2 bytes).
    Removing stm32h7xx_hal_pcd_ex.o(i.HAL_PCDEx_BCD_VBUSDetect), (170 bytes).
    Removing stm32h7xx_hal_pcd_ex.o(i.HAL_PCDEx_DeActivateBCD), (36 bytes).
    Removing stm32h7xx_hal_pcd_ex.o(i.HAL_PCDEx_DeActivateLPM), (32 bytes).
    Removing stm32h7xx_hal_pcd_ex.o(i.HAL_PCDEx_LPM_Callback), (2 bytes).
    Removing stm32h7xx_hal_pcd_ex.o(i.HAL_PCDEx_SetRxFiFo), (8 bytes).
    Removing stm32h7xx_hal_pcd_ex.o(i.HAL_PCDEx_SetTxFiFo), (70 bytes).
    Removing stm32h7xx_ll_usb.o(.rev16_text), (4 bytes).
    Removing stm32h7xx_ll_usb.o(.revsh_text), (4 bytes).
    Removing stm32h7xx_ll_usb.o(.rrx_text), (6 bytes).
    Removing stm32h7xx_ll_usb.o(i.USB_ActivateDedicatedEndpoint), (148 bytes).
    Removing stm32h7xx_ll_usb.o(i.USB_ActivateEndpoint), (128 bytes).
    Removing stm32h7xx_ll_usb.o(i.USB_ActivateRemoteWakeup), (24 bytes).
    Removing stm32h7xx_ll_usb.o(i.USB_ActivateSetup), (52 bytes).
    Removing stm32h7xx_ll_usb.o(i.USB_ClearInterrupts), (8 bytes).
    Removing stm32h7xx_ll_usb.o(i.USB_DeActivateRemoteWakeup), (16 bytes).
    Removing stm32h7xx_ll_usb.o(i.USB_DeactivateDedicatedEndpoint), (86 bytes).
    Removing stm32h7xx_ll_usb.o(i.USB_DeactivateEndpoint), (128 bytes).
    Removing stm32h7xx_ll_usb.o(i.USB_DevConnect), (24 bytes).
    Removing stm32h7xx_ll_usb.o(i.USB_DoPing), (36 bytes).
    Removing stm32h7xx_ll_usb.o(i.USB_DriveVbus), (44 bytes).
    Removing stm32h7xx_ll_usb.o(i.USB_EP0StartXfer), (284 bytes).
    Removing stm32h7xx_ll_usb.o(i.USB_EP0_OutStart), (88 bytes).
    Removing stm32h7xx_ll_usb.o(i.USB_EPClearStall), (88 bytes).
    Removing stm32h7xx_ll_usb.o(i.USB_EPSetStall), (88 bytes).
    Removing stm32h7xx_ll_usb.o(i.USB_EPStartXfer), (488 bytes).
    Removing stm32h7xx_ll_usb.o(i.USB_EnableGlobalInt), (12 bytes).
    Removing stm32h7xx_ll_usb.o(i.USB_GetCurrentFrame), (8 bytes).
    Removing stm32h7xx_ll_usb.o(i.USB_GetDevSpeed), (26 bytes).
    Removing stm32h7xx_ll_usb.o(i.USB_GetHostSpeed), (14 bytes).
    Removing stm32h7xx_ll_usb.o(i.USB_GetMode), (8 bytes).
    Removing stm32h7xx_ll_usb.o(i.USB_HC_Halt), (194 bytes).
    Removing stm32h7xx_ll_usb.o(i.USB_HC_Init), (252 bytes).
    Removing stm32h7xx_ll_usb.o(i.USB_HC_ReadInterrupt), (8 bytes).
    Removing stm32h7xx_ll_usb.o(i.USB_HC_StartXfer), (336 bytes).
    Removing stm32h7xx_ll_usb.o(i.USB_HostInit), (204 bytes).
    Removing stm32h7xx_ll_usb.o(i.USB_InitFSLSPClkSel), (56 bytes).
    Removing stm32h7xx_ll_usb.o(i.USB_ReadDevAllInEpInterrupt), (14 bytes).
    Removing stm32h7xx_ll_usb.o(i.USB_ReadDevAllOutEpInterrupt), (14 bytes).
    Removing stm32h7xx_ll_usb.o(i.USB_ReadDevInEPInterrupt), (36 bytes).
    Removing stm32h7xx_ll_usb.o(i.USB_ReadDevOutEPInterrupt), (16 bytes).
    Removing stm32h7xx_ll_usb.o(i.USB_ReadInterrupts), (8 bytes).
    Removing stm32h7xx_ll_usb.o(i.USB_ReadPacket), (28 bytes).
    Removing stm32h7xx_ll_usb.o(i.USB_ResetPort), (50 bytes).
    Removing stm32h7xx_ll_usb.o(i.USB_SetDevAddress), (34 bytes).
    Removing stm32h7xx_ll_usb.o(i.USB_SetDevSpeed), (14 bytes).
    Removing stm32h7xx_ll_usb.o(i.USB_SetTurnaroundTime), (232 bytes).
    Removing stm32h7xx_ll_usb.o(i.USB_StopDevice), (68 bytes).
    Removing stm32h7xx_ll_usb.o(i.USB_StopHost), (126 bytes).
    Removing stm32h7xx_ll_usb.o(i.USB_WritePacket), (36 bytes).
    Removing stm32h7xx_ll_usb.o(.data), (4 bytes).
    Removing system_stm32h7xx.o(.rev16_text), (4 bytes).
    Removing system_stm32h7xx.o(.revsh_text), (4 bytes).
    Removing system_stm32h7xx.o(.rrx_text), (6 bytes).
    Removing system_stm32h7xx.o(i.SystemCoreClockUpdate), (336 bytes).

998 unused section(s) (total 78932 bytes) removed from the image.
